   Compiling version_check v0.9.5
   Compiling proc-macro2 v1.0.106
   Compiling unicode-ident v1.0.24
   Compiling quote v1.0.45
   Compiling cfg-if v1.0.4
   Compiling typenum v1.19.0
   Compiling syn v2.0.117
   Compiling generic-array v0.14.7
   Compiling block-buffer v0.10.4
   Compiling crypto-common v0.1.7
   Compiling semver v1.0.27
   Compiling zerocopy v0.8.48
   Compiling rustc_version v0.4.1
   Compiling digest v0.10.7
   Compiling ahash v0.8.12
   Compiling equivalent v1.0.2
   Compiling once_cell v1.21.4
   Compiling shlex v1.3.0
   Compiling cpufeatures v0.2.17
   Compiling hashbrown v0.16.1
   Compiling find-msvc-tools v0.1.9
   Compiling winnow v1.0.4
   Compiling serde_core v1.0.228
   Compiling indexmap v2.13.1
   Compiling toml_parser v1.1.3+spec-1.1.0
   Compiling cc v1.2.59
   Compiling curve25519-dalek v4.1.3
   Compiling toml_datetime v1.1.1+spec-1.1.0
   Compiling pkg-config v0.3.32
   Compiling libc v0.2.184
   Compiling vcpkg v0.2.15
   Compiling libsqlite3-sys v0.30.1
   Compiling toml_edit v0.25.13+spec-1.1.0
   Compiling curve25519-dalek-derive v0.1.1
   Compiling sha2 v0.10.9
   Compiling zeroize v1.8.2
   Compiling cfg_aliases v0.2.2
   Compiling thiserror v1.0.69
   Compiling signature v2.2.0
   Compiling bitflags v2.11.0
   Compiling anyhow v1.0.103
   Compiling subtle v2.6.1
   Compiling zmij v1.0.21
   Compiling serde v1.0.228
   Compiling ed25519 v2.2.3
   Compiling borsh v1.8.0
   Compiling hashbrown v0.14.5
   Compiling proc-macro-crate v3.5.0
   Compiling thiserror-impl v1.0.69
   Compiling serde_derive v1.0.228
   Compiling rustix v1.1.4
   Compiling serde_json v1.0.149
   Compiling hex v0.4.3
   Compiling getrandom v0.4.2
   Compiling borsh-derive v1.8.0
   Compiling hashlink v0.9.1
   Compiling ed25519-dalek v2.2.0
   Compiling fallible-iterator v0.3.0
   Compiling itoa v1.0.18
   Compiling linux-raw-sys v0.12.1
   Compiling fallible-streaming-iterator v0.1.9
   Compiling memchr v2.8.0
   Compiling smallvec v1.15.1
   Compiling rusqlite v0.32.1
   Compiling trnm-crypto-primitives v0.1.0 (/home/qian-qi/Documents/chain-pr204-continuation-20260929-w2v1wt_g/source/trillionnium/crates/trnm-crypto-primitives)
   Compiling trnm-protocol v0.1.0 (/home/qian-qi/Documents/chain-pr204-continuation-20260929-w2v1wt_g/source/trillionnium/crates/trnm-protocol)
   Compiling fastrand v2.3.0
   Compiling tempfile v3.27.0
   Compiling trnm-mvcc-fee v0.1.0 (/home/qian-qi/Documents/chain-pr204-continuation-20260929-w2v1wt_g/source/trillionnium/crates/trnm-mvcc-fee)
   Compiling fs2 v0.4.3
   Compiling trnm-pon-node v0.1.0 (/home/qian-qi/Documents/chain-pr204-continuation-20260929-w2v1wt_g/source/trillionnium/crates/trnm-pon-node)
error[E0308]: `?` operator has incompatible types
   --> crates/trnm-pon-node/src/ingress.rs:229:32
    |
229 | ...=> dispatch(&mut lock_owner(node, progress)?, other, progress),
    |                     ^^^^^^^^^^^^^^^^^^^^^^^^^^^ expected `Node`, found `MutexGuard<'_, Node>`
    |
    = note: `?` operator cannot convert from `std::sync::MutexGuard<'_, Node>` to `Node`
    = note: expected struct `Node`
               found struct `std::sync::MutexGuard<'_, Node>`

For more information about this error, try `rustc --explain E0308`.
error: could not compile `trnm-pon-node` (lib) due to 1 previous error
warning: build failed, waiting for other jobs to finish...
