    Checking trnm-mempool v0.1.0 (/home/qian-qi/Documents/chain-pr204-delivery-20260929-3kFYby/source/trillionnium/crates/trnm-mempool)
    Checking cfg-if v1.0.4
    Checking typenum v1.19.0
    Checking cpufeatures v0.2.17
   Compiling curve25519-dalek v4.1.3
    Checking zeroize v1.8.2
    Checking signature v2.2.0
    Checking subtle v2.6.1
    Checking generic-array v0.14.7
    Checking ed25519 v2.2.3
    Checking hex v0.4.3
    Checking serde_core v1.0.228
    Checking crypto-common v0.1.7
    Checking block-buffer v0.10.4
    Checking digest v0.10.7
    Checking sha2 v0.10.9
    Checking ed25519-dalek v2.2.0
    Checking bitflags v2.11.0
    Checking zmij v1.0.21
    Checking libc v0.2.184
    Checking serde v1.0.228
    Checking itoa v1.0.18
    Checking memchr v2.8.0
    Checking once_cell v1.21.4
    Checking linux-raw-sys v0.12.1
    Checking serde_json v1.0.149
    Checking getrandom v0.4.2
    Checking trnm-types v0.1.0 (/home/qian-qi/Documents/chain-pr204-delivery-20260929-3kFYby/source/trillionnium/crates/trnm-types)
    Checking rustix v1.1.4
    Checking fastrand v2.3.0
    Checking fs2 v0.4.3
    Checking zerocopy v0.8.48
    Checking tempfile v3.27.0
    Checking libsqlite3-sys v0.30.1
    Checking smallvec v1.15.1
    Checking fallible-streaming-iterator v0.1.9
    Checking fallible-iterator v0.3.0
    Checking trnm-peer-lease v0.1.0 (/home/qian-qi/Documents/chain-pr204-delivery-20260929-3kFYby/source/trillionnium/crates/trnm-peer-lease)
    Checking ahash v0.8.12
    Checking hashbrown v0.14.5
    Checking anyhow v1.0.103
    Checking borsh v1.8.0
    Checking hashlink v0.9.1
    Checking thiserror v1.0.69
    Checking trnm-crypto-primitives v0.1.0 (/home/qian-qi/Documents/chain-pr204-delivery-20260929-3kFYby/source/trillionnium/crates/trnm-crypto-primitives)
    Checking rusqlite v0.32.1
    Checking utf8parse v0.2.2
    Checking anstyle-parse v1.0.0
    Checking anstyle v1.0.14
    Checking colorchoice v1.0.5
    Checking is_terminal_polyfill v1.70.2
    Checking anstyle-query v1.1.5
    Checking anstream v1.0.0
    Checking clap_lex v1.1.0
    Checking strsim v0.11.1
    Checking trnm-task-kernel v0.1.0 (/home/qian-qi/Documents/chain-pr204-delivery-20260929-3kFYby/source/trillionnium/crates/trnm-task-kernel)
    Checking clap_builder v4.6.0
    Checking trnm-checkpoint-types v0.1.0 (/home/qian-qi/Documents/chain-pr204-delivery-20260929-3kFYby/source/trillionnium/crates/trnm-checkpoint-types)
    Checking clap v4.6.0
    Checking trnm-protocol v0.1.0 (/home/qian-qi/Documents/chain-pr204-delivery-20260929-3kFYby/source/trillionnium/crates/trnm-protocol)
    Checking trnm-audit-events v0.1.0 (/home/qian-qi/Documents/chain-pr204-delivery-20260929-3kFYby/source/trillionnium/crates/trnm-audit-events)
    Checking trnm-checkpoint-store v0.1.0 (/home/qian-qi/Documents/chain-pr204-delivery-20260929-3kFYby/source/trillionnium/crates/trnm-checkpoint-store)
    Checking trnm-executor v0.1.0 (/home/qian-qi/Documents/chain-pr204-delivery-20260929-3kFYby/source/trillionnium/crates/trnm-executor)
    Checking wait-timeout v0.2.1
    Checking shell-escape v0.1.5
    Checking shlex v1.3.0
    Checking trnm-mvcc-fee v0.1.0 (/home/qian-qi/Documents/chain-pr204-delivery-20260929-3kFYby/source/trillionnium/crates/trnm-mvcc-fee)
    Checking trnm-research-protocol v0.1.0 (/home/qian-qi/Documents/chain-pr204-delivery-20260929-3kFYby/source/trillionnium/crates/trnm-research-protocol)
    Checking trnm-verification-profiles v0.1.0 (/home/qian-qi/Documents/chain-pr204-delivery-20260929-3kFYby/source/trillionnium/crates/trnm-verification-profiles)
    Checking trnm-transport v0.1.0 (/home/qian-qi/Documents/chain-pr204-delivery-20260929-3kFYby/source/trillionnium/crates/trnm-transport)
    Checking trnm-bench v0.1.0 (/home/qian-qi/Documents/chain-pr204-delivery-20260929-3kFYby/source/trillionnium/crates/trnm-bench)
    Checking trnm-worker-agent v0.1.0 (/home/qian-qi/Documents/chain-pr204-delivery-20260929-3kFYby/source/trillionnium/crates/trnm-worker-agent)
    Checking trnm-escrow-vault v0.1.0 (/home/qian-qi/Documents/chain-pr204-delivery-20260929-3kFYby/source/trillionnium/crates/trnm-escrow-vault)
    Checking trnm-governance-guard v0.1.0 (/home/qian-qi/Documents/chain-pr204-delivery-20260929-3kFYby/source/trillionnium/crates/trnm-governance-guard)
    Checking trnm-service-settlement v0.1.0 (/home/qian-qi/Documents/chain-pr204-delivery-20260929-3kFYby/source/trillionnium/crates/trnm-service-settlement)
    Checking trnm-state-import v0.1.0 (/home/qian-qi/Documents/chain-pr204-delivery-20260929-3kFYby/source/trillionnium/crates/trnm-state-import)
    Checking trnm-data-availability v0.1.0 (/home/qian-qi/Documents/chain-pr204-delivery-20260929-3kFYby/source/trillionnium/crates/trnm-data-availability)
    Checking trnm-oracle v0.1.0 (/home/qian-qi/Documents/chain-pr204-delivery-20260929-3kFYby/source/trillionnium/crates/trnm-oracle)
    Checking trnm-control-plane v0.1.0 (/home/qian-qi/Documents/chain-pr204-delivery-20260929-3kFYby/source/trillionnium/crates/trnm-control-plane)
    Checking trnm-release-bundle v0.1.0 (/home/qian-qi/Documents/chain-pr204-delivery-20260929-3kFYby/source/trillionnium/crates/trnm-release-bundle)
    Finished `dev` profile [unoptimized + debuginfo] target(s) in 52.70s
