   Compiling typenum v1.19.0
   Compiling version_check v0.9.5
   Compiling generic-array v0.14.7
   Compiling proc-macro2 v1.0.106
   Compiling quote v1.0.45
   Compiling unicode-ident v1.0.24
   Compiling semver v1.0.27
   Compiling rustc_version v0.4.1
   Compiling crypto-common v0.1.7
   Compiling block-buffer v0.10.4
   Compiling digest v0.10.7
   Compiling curve25519-dalek v4.1.3
   Compiling syn v2.0.117
   Compiling cfg-if v1.0.4
   Compiling cpufeatures v0.2.17
   Compiling zeroize v1.8.2
   Compiling subtle v2.6.1
   Compiling anyhow v1.0.103
   Compiling signature v2.2.0
   Compiling ed25519 v2.2.3
   Compiling sha2 v0.10.9
   Compiling hex v0.4.3
   Compiling curve25519-dalek-derive v0.1.1
   Compiling ed25519-dalek v2.2.0
   Compiling trnm-crypto-primitives v0.1.0 (/home/qian-qi/Documents/chain-pr204-continue-20260930-_ciy5p40/source/trillionnium/crates/trnm-crypto-primitives)
    Finished `release` profile [optimized] target(s) in 10.93s
