    Checking cfg-if v1.0.4
   Compiling syn v2.0.117
    Checking typenum v1.19.0
    Checking generic-array v0.14.7
    Checking block-buffer v0.10.4
    Checking crypto-common v0.1.7
    Checking digest v0.10.7
   Compiling zerocopy v0.8.48
    Checking cpufeatures v0.2.17
   Compiling ahash v0.8.12
    Checking once_cell v1.21.4
   Compiling shlex v1.3.0
   Compiling hashbrown v0.16.1
   Compiling winnow v1.0.4
   Compiling find-msvc-tools v0.1.9
   Compiling equivalent v1.0.2
   Compiling indexmap v2.13.1
   Compiling cc v1.2.59
   Compiling toml_parser v1.1.3+spec-1.1.0
   Compiling curve25519-dalek v4.1.3
    Checking serde_core v1.0.228
    Checking sha2 v0.10.9
   Compiling thiserror v1.0.69
   Compiling vcpkg v0.2.15
   Compiling pkg-config v0.3.32
   Compiling toml_datetime v1.1.1+spec-1.1.0
   Compiling libc v0.2.184
   Compiling toml_edit v0.25.13+spec-1.1.0
   Compiling libsqlite3-sys v0.30.1
   Compiling thiserror-impl v1.0.69
   Compiling curve25519-dalek-derive v0.1.1
   Compiling serde_derive v1.0.228
    Checking signature v2.2.0
   Compiling cfg_aliases v0.2.2
    Checking subtle v2.6.1
    Checking zeroize v1.8.2
    Checking bitflags v2.11.0
   Compiling zmij v1.0.21
   Compiling anyhow v1.0.103
   Compiling borsh v1.8.0
    Checking ed25519 v2.2.3
    Checking serde v1.0.228
    Checking hashbrown v0.14.5
   Compiling proc-macro-crate v3.5.0
   Compiling rustix v1.1.4
   Compiling serde_json v1.0.149
    Checking hex v0.4.3
   Compiling getrandom v0.4.2
   Compiling borsh-derive v1.8.0
    Checking trnm-protocol v0.1.0 (/workspace/scratch/aebafee84981/Trillionnium-Chain-overhead/trillionnium/crates/trnm-protocol)
    Checking hashlink v0.9.1
    Checking ed25519-dalek v2.2.0
    Checking smallvec v1.15.1
    Checking fallible-iterator v0.3.0
    Checking linux-raw-sys v0.12.1
    Checking fallible-streaming-iterator v0.1.9
    Checking itoa v1.0.18
    Checking memchr v2.8.0
    Checking rusqlite v0.32.1
    Checking trnm-crypto-primitives v0.1.0 (/workspace/scratch/aebafee84981/Trillionnium-Chain-overhead/trillionnium/crates/trnm-crypto-primitives)
    Checking trnm-verification-profiles v0.1.0 (/workspace/scratch/aebafee84981/Trillionnium-Chain-overhead/trillionnium/crates/trnm-verification-profiles)
    Checking fastrand v2.3.0
    Checking tempfile v3.27.0
    Checking trnm-mvcc-fee v0.1.0 (/workspace/scratch/aebafee84981/Trillionnium-Chain-overhead/trillionnium/crates/trnm-mvcc-fee)
    Checking fs2 v0.4.3
    Checking trnm-mempool v0.1.0 (/workspace/scratch/aebafee84981/Trillionnium-Chain-overhead/trillionnium/crates/trnm-mempool)
    Checking trnm-transport v0.1.0 (/workspace/scratch/aebafee84981/Trillionnium-Chain-overhead/trillionnium/crates/trnm-transport)
    Checking trnm-pon-node v0.1.0 (/workspace/scratch/aebafee84981/Trillionnium-Chain-overhead/trillionnium/crates/trnm-pon-node)
    Finished `dev` profile [unoptimized] target(s) in 29.15s
