    Finished `test` profile [unoptimized] target(s) in 0.04s
     Running unittests src/lib.rs (/workspace/scratch/aebafee84981/chain-overhead-target/debug/deps/trnm_executor-1c56d483f88db8e9)

running 262 tests
test hot_bucket_tests::hot_bucket_hint_fail_closes_to_bucket_zero_when_fanout_collapses ... ok
test hot_bucket_tests::hot_bucket_hint_is_stable_for_single_write_single_read_role_flips ... ok
test hot_bucket_tests::hot_bucket_hint_modulo_path_stays_stable_for_high_bit_role_flips ... ok
test hot_bucket_tests::hot_bucket_hint_power_of_two_fast_path_matches_modulo_mapping ... ok
test hot_bucket_tests::hot_bucket_hint_power_of_two_fast_path_stays_stable_for_high_bit_role_flips ... ok
test hot_bucket_tests::hot_bucket_hint_power_of_two_path_keeps_zero_primary_stable_under_asymmetric_role_flips ... ok
test hot_bucket_tests::hot_bucket_hint_single_bucket_count_fails_closed_to_bucket_zero ... ok
test hot_bucket_tests::hot_bucket_hint_stays_stable_when_echoed_primary_has_asymmetric_secondary_width ... ok
test hot_bucket_tests::hot_bucket_hint_treats_object_zero_as_real_canonical_lane_under_role_flips ... ok
test hot_bucket_tests::hot_bucket_hint_uses_full_u64_keyspace_before_bucket_reduce ... ok
test hot_bucket_tests::hot_bucket_hint_zero_bucket_count_fails_closed_to_bucket_zero ... ok
test hot_bucket_tests::hot_bucket_interleave_empty_batch_is_noop ... ok
test hot_bucket_tests::hot_bucket_interleave_fails_closed_to_stable_order_when_fanout_collapses_to_one_bucket ... ok
test hot_bucket_tests::hot_bucket_interleave_ignores_empty_access_noise_around_single_role_flipped_mixed_lane ... ok
test hot_bucket_tests::hot_bucket_interleave_ignores_empty_access_noise_around_single_signaled_lane ... ok
test hot_bucket_tests::hot_bucket_interleave_keeps_first_hint_when_it_is_already_sparse_seed ... ok
test hot_bucket_tests::hot_bucket_interleave_keeps_first_hint_when_skew_is_below_two_to_one_threshold ... ok
test hot_bucket_tests::hot_bucket_interleave_keeps_first_sparse_seed_when_bucket_fanout_is_clamped ... ok
test hot_bucket_tests::hot_bucket_interleave_keeps_real_two_lane_rotation_despite_empty_access_noise ... ok
test hot_bucket_tests::hot_bucket_interleave_prefers_a_sparse_bucket_under_moderate_two_to_one_skew ... ok
test hot_bucket_tests::hot_bucket_interleave_prefers_sparse_non_empty_bucket_under_heavy_skew ... ok
test hot_bucket_tests::hot_bucket_interleave_preserves_single_modulo_signaled_lane_with_empty_noise ... ok
test hot_bucket_tests::hot_bucket_interleave_preserves_single_role_flipped_mixed_lane_under_clamped_fanout ... ok
test hot_bucket_tests::hot_bucket_interleave_preserves_single_signaled_lane_under_input_clamped_fanout_with_empty_noise ... ok
test hot_bucket_tests::hot_bucket_interleave_seeds_initial_round_from_first_hot_key ... ok
test hot_bucket_tests::hot_bucket_interleave_short_circuits_all_singleton_buckets ... ok
test hot_bucket_tests::hot_bucket_interleave_short_circuits_empty_access_batches ... ok
test hot_bucket_tests::hot_bucket_interleave_short_circuits_single_bucket_hotspot ... ok
test hot_bucket_tests::hot_bucket_interleave_short_circuits_single_mixed_domain_lane_without_role_flip_drift ... ok
test hot_bucket_tests::hot_bucket_interleave_skips_micro_batches_to_preserve_low_latency_order ... ok
test hot_bucket_tests::hot_bucket_interleave_sparse_tie_prefers_nearest_bucket_across_ring_wrap ... ok
test hot_bucket_tests::hot_bucket_interleave_sparse_tie_rotates_from_first_hot_hint ... ok
test tests::access_domain_versions_are_consistent_for_duplicate_same_version_refs ... ok
test tests::access_domain_versions_are_inconsistent_for_mixed_version_refs ... ok
test tests::access_domain_versions_small_domain_fast_path_preserves_echo_and_skew_semantics ... ok
test tests::access_domain_versions_two_entry_fast_path_preserves_echo_and_skew_semantics ... ok
test tests::access_map_capacity_hint_keeps_minimum_floor_for_tiny_unique_domains ... ok
test tests::access_map_capacity_hint_rejects_cross_domain_version_skew_for_same_object_id - should panic ... ok
test tests::access_map_capacity_hint_sizes_from_unique_access_domain_keys ... ok
test tests::aggressive_fast_path_does_not_double_count_shared_read_write_domains ... ok
test tests::aggressive_fast_path_matches_original_when_deep_scan_is_disabled ... ok
test tests::aggressive_groups_are_pairwise_non_conflicting ... ok
test tests::aggressive_integer_env_parsers_accept_quoted_plus_prefixed_comma_grouped_values ... ok
test tests::aggressive_respects_skip_empty_stage_checks_toggle ... ok
test tests::aggressive_round_robin_cursor_avoids_even_id_bias ... ok
test tests::aggressive_round_robin_seed_parses_trimmed_numeric_env_values ... ok
test tests::aggressive_round_robin_seed_rejects_ambiguous_comma_decimal_values ... ok
test tests::aggressive_round_robin_seed_rotates_initial_probe_start ... ok
test tests::aggressive_round_robin_toggle_parser_accepts_quoted_tokens ... ok
test tests::aggressive_round_robin_toggle_parser_accepts_single_quoted_tokens ... ok
test tests::aggressive_round_robin_toggle_parser_handles_trimmed_false_and_true_tokens ... ok
test tests::aggressive_scan_window_accepts_comma_grouped_values ... ok
test tests::aggressive_scan_window_caps_candidate_probe_cost ... ok
test tests::aggressive_scan_window_ignores_zero_and_separator_only_values ... ok
test tests::aggressive_scan_window_is_clamped_to_prevent_misconfigured_probe_blowups ... ok
test tests::aggressive_scan_window_parses_trimmed_numeric_env_values ... ok
test tests::aggressive_scan_window_rejects_ambiguous_comma_decimal_values ... ok
test tests::aggressive_skip_empty_stage_checks_avoids_candidate_group_scans_for_empty_access ... ok
test tests::aggressive_skip_empty_stage_checks_keeps_conflict_check_metric_at_zero_for_empty_access ... ok
test tests::aggressive_toggle_parsers_accept_quoted_no_tokens ... ok
test tests::aggressive_toggle_parsers_accept_quoted_tokens_for_skip_empty_and_deep_scan ... ok
test tests::aggressive_toggle_parsers_fall_back_to_defaults_on_empty_or_separator_only_values ... ok
test tests::aggressive_unsigned_env_knobs_fail_closed_on_negative_values ... ok
test tests::auto_adaptive_canonicalizes_primary_access_key_across_equivalent_domain_orderings ... ok
test tests::auto_adaptive_decision_rejects_cross_domain_version_skew_for_same_object_id - should panic ... ok
test tests::auto_adaptive_default_min_batch_boundary_runs_hotspot_probe ... ok
test tests::auto_adaptive_default_sample_boundary_uses_direct_scan_for_read_only_tail_hotspots ... ok
test tests::auto_adaptive_default_sample_boundary_uses_direct_scan_for_tail_hotspots ... ok
test tests::auto_adaptive_detects_late_read_only_hotspots_after_keyless_prefixes ... ok
test tests::auto_adaptive_detects_late_write_hotspots_after_keyless_prefixes ... ok
test tests::auto_adaptive_detects_write_hotspots_even_with_shared_read_domains ... ok
test tests::auto_adaptive_direct_scan_detects_tail_hotspots_for_read_only_batches ... ok
test tests::auto_adaptive_direct_scan_detects_tail_hotspots_in_medium_batches ... ok
test tests::auto_adaptive_empty_access_samples_break_hot_streak_continuity ... ok
test tests::auto_adaptive_empty_batches_fail_closed_even_with_permissive_env_knobs ... ok
test tests::auto_adaptive_expected_gain_boundary_is_inclusive ... ok
test tests::auto_adaptive_expected_gain_gate_accepts_percent_form_env_values ... ok
test tests::auto_adaptive_expected_gain_gate_blocks_low_value_hotspot_switches ... ok
test tests::auto_adaptive_first_sampled_batch_boundary_preserves_tail_hotspot_visibility ... ok
test tests::auto_adaptive_first_sampled_batch_preserves_read_only_tail_hotspot_visibility ... ok
test tests::auto_adaptive_free_ingress_fast_path_keeps_profile_stable_and_ordered ... ok
test tests::auto_adaptive_hot_bucket_path_keeps_mixed_access_domain_skew_guardrails ... ok
test tests::auto_adaptive_keeps_duplicate_heavy_mixed_domains_on_same_write_lane_signal ... ok
test tests::auto_adaptive_keeps_equivalent_mixed_domains_on_same_lane_signal_when_roles_flip ... ok
test tests::auto_adaptive_keyless_batches_fail_closed_as_insufficient_sample ... ok
test tests::auto_adaptive_keyless_gaps_break_same_key_streaks_fail_closed ... ok
test tests::auto_adaptive_large_sample_prefers_write_signal_over_shared_read_domains ... ok
test tests::auto_adaptive_min_batch_len_is_clamped_to_safe_bounds ... ok
test tests::auto_adaptive_min_batch_len_rejects_ambiguous_grouped_comma_values ... ok
test tests::auto_adaptive_min_clamped_sample_len_still_detects_tail_hotspots ... ok
test tests::auto_adaptive_min_clamped_sample_len_still_detects_tail_hotspots_for_read_only_batches ... ok
test tests::auto_adaptive_mixed_domains_do_not_collapse_distinct_secondary_lane_hints ... ok
test tests::auto_adaptive_mixed_hot_key_probe_avoids_false_hotspots_from_shared_leading_writes ... ok
test tests::auto_adaptive_numeric_env_parser_accepts_comma_decimal_percent_values ... ok
test tests::auto_adaptive_numeric_env_parser_accepts_grouped_comma_decimal_percent_values ... ok
test tests::auto_adaptive_numeric_env_parser_accepts_percent_suffix_for_ratio_knobs ... ok
test tests::auto_adaptive_numeric_env_parser_accepts_plus_prefixed_values ... ok
test tests::auto_adaptive_numeric_env_parser_accepts_quoted_plus_prefixed_comma_decimal_percent_values ... ok
test tests::auto_adaptive_numeric_env_parser_accepts_quoted_values ... ok
test tests::auto_adaptive_numeric_env_parser_falls_back_to_defaults_on_invalid_values ... ok
test tests::auto_adaptive_numeric_env_parser_ignores_empty_or_separator_only_values ... ok
test tests::auto_adaptive_numeric_env_parser_rejects_ambiguous_multi_comma_ratio_values ... ok
test tests::auto_adaptive_numeric_env_parser_treats_all_zero_whole_comma_values_as_decimals ... ok
test tests::auto_adaptive_numeric_env_parser_treats_leading_comma_percent_values_as_decimals ... ok
test tests::auto_adaptive_numeric_env_parser_treats_leading_comma_values_as_decimals ... ok
test tests::auto_adaptive_numeric_env_parser_treats_plus_prefixed_leading_comma_values_as_decimals ... ok
test tests::auto_adaptive_numeric_env_parser_treats_zero_whole_comma_values_as_decimals ... ok
test tests::auto_adaptive_prefers_write_hotspot_signal_over_shared_read_domains ... ok
test tests::auto_adaptive_ratio_knobs_are_clamped_to_safe_bounds ... ok
test tests::auto_adaptive_read_only_expected_gain_gate_blocks_low_value_hotspot_switches ... ok
test tests::auto_adaptive_read_only_keyless_gaps_break_same_key_streaks_fail_closed ... ok
test tests::auto_adaptive_read_only_sparse_sampling_keeps_duplicate_indices_fail_closed ... ok
test tests::auto_adaptive_sample_len_is_env_tunable_and_clamped ... ok
test tests::auto_adaptive_sample_len_preserves_zero_for_empty_batches_even_with_env_floor ... ok
test tests::auto_adaptive_sample_len_rejects_ambiguous_grouped_comma_values ... ok
test tests::auto_adaptive_sampling_detects_late_batch_hotspots ... ok
test tests::auto_adaptive_sampling_detects_late_batch_hotspots_for_read_only_batches ... ok
test tests::auto_adaptive_sampling_includes_batch_tail_for_hotspot_estimate ... ok
test tests::auto_adaptive_sampling_includes_batch_tail_for_read_only_hotspot_estimate ... ok
test tests::auto_adaptive_sampling_with_sparse_window_keeps_duplicate_indices_fail_closed ... ok
test tests::auto_adaptive_small_batch_threshold_accepts_comma_grouped_env_values ... ok
test tests::auto_adaptive_small_batch_threshold_accepts_quoted_grouped_env_values ... ok
test tests::auto_adaptive_small_batch_threshold_is_env_tunable ... ok
test tests::auto_adaptive_sub_min_batch_hotspots_stay_fail_closed ... ok
test tests::auto_adaptive_threshold_boundaries_are_inclusive ... ok
test tests::auto_adaptive_treats_object_zero_as_real_singleton_hotspot_key ... ok
test tests::auto_adaptive_unsigned_env_knobs_fail_closed_on_negative_values ... ok
test tests::auto_threshold_env_parsers_accept_grouped_numeric_values ... ok
test tests::auto_threshold_env_parsers_accept_trimmed_numeric_values ... ok
test tests::build_parallel_groups_rejects_cross_domain_version_skew_for_same_object_id - should panic ... ok
test tests::combined_access_domain_versions_are_consistent_across_read_write_split ... ok
test tests::combined_access_domain_versions_are_consistent_for_mixed_singleton_distinct_ids ... ok
test tests::combined_access_domain_versions_are_consistent_for_small_duplicate_cross_domain_echoes ... ok
test tests::combined_access_domain_versions_are_inconsistent_across_read_write_split ... ok
test tests::combined_access_domain_versions_are_inconsistent_when_reads_are_empty ... ok
test tests::combined_access_domain_versions_are_inconsistent_when_writes_are_empty ... ok
test tests::dedup_access_keys_large_path_preserves_first_seen_order ... ok
test tests::detect_conflict_is_symmetric_for_read_write_fast_paths ... ok
test tests::detect_conflict_rejects_cross_domain_version_skew_for_same_object_id - should panic ... ok
test tests::dominant_retry_lead_share_collapses_for_mixed_stage_ties ... ok
test tests::dominant_retry_lead_share_stays_zero_without_conflicts ... ok
test tests::dominant_retry_lead_share_tracks_clear_stage_skew ... ok
test tests::empty_batch_fast_path_is_profile_stable_across_strategies ... ok
test tests::footprint_desc_reorder_panics_on_mixed_domain_version_skew - should panic ... ok
test tests::footprint_desc_reorder_uses_object_scoped_domains_not_raw_version_counts ... ok
test tests::free_ingress_batches_short_circuit_to_single_group_after_strategy_reorder ... ok
test tests::grouped_integer_env_parsers_accept_quoted_comma_grouped_values ... ok
test tests::grouping_parallel_safe ... ok
test tests::hot_bucket_count_is_clamped_to_safe_bounds ... ok
test tests::hot_bucket_count_parser_accepts_grouped_numeric_values ... ok
test tests::hot_bucket_count_parser_accepts_trimmed_numeric_values ... ok
test tests::hot_bucket_hint_dedups_same_version_cross_domain_echoes_before_mixing ... ok
test tests::hot_bucket_hint_is_stable_across_equivalent_access_domain_orderings ... ok
test tests::hot_bucket_hint_is_stable_for_duplicate_heavy_equivalent_mixed_domains ... ok
test tests::hot_bucket_hint_is_stable_for_duplicate_heavy_equivalent_read_only_domains ... ok
test tests::hot_bucket_hint_is_stable_when_read_write_roles_flip_for_same_domain ... ok
test tests::hot_bucket_hint_keeps_asymmetric_primary_echo_domains_on_same_lane ... ok
test tests::hot_bucket_hint_keeps_high_bit_domains_stable_when_zero_primary_flips_roles ... ok
test tests::hot_bucket_hint_keeps_object_zero_primary_stable_across_asymmetric_role_flips ... ok
test tests::hot_bucket_hint_keeps_singleton_bucket_for_same_version_cross_domain_echoes ... ok
test tests::hot_bucket_hint_keeps_stable_secondary_when_primary_echo_roles_flip_with_wide_domains ... ok
test tests::hot_bucket_hint_non_power_of_two_keeps_zero_primary_duplicate_heavy_domains_lane_stable ... ok
test tests::hot_bucket_hint_non_power_of_two_path_preserves_high_bit_lane_mapping ... ok
test tests::hot_bucket_hint_power_of_two_fast_path_keeps_zero_primary_mixed_domains_lane_stable ... ok
test tests::hot_bucket_hint_power_of_two_fast_path_matches_modulo_mapping ... ok
test tests::hot_bucket_hint_power_of_two_fast_path_preserves_high_bit_lane_mapping ... ok
test tests::hot_bucket_hint_rejects_cross_domain_version_skew_for_same_object_id - should panic ... ok
test tests::hot_bucket_hint_single_bucket_count_fails_closed_to_bucket_zero ... ok
test tests::hot_bucket_hint_singleton_domain_matches_direct_bucket_mapping ... ok
test tests::hot_bucket_hint_skips_duplicate_primary_echoes_before_using_read_domain_key ... ok
test tests::hot_bucket_hint_skips_duplicate_primary_key_when_mixing_read_write_domain ... ok
test tests::hot_bucket_hint_tracks_two_smallest_distinct_keys_when_new_min_arrives_last ... ok
test tests::hot_bucket_hint_treats_object_zero_as_real_secondary_domain_key ... ok
test tests::hot_bucket_hint_uses_first_read_key_as_secondary_mixed_domain_signal ... ok
test tests::hot_bucket_hint_uses_full_u64_keyspace_before_bucket_reduce ... ok
test tests::hot_bucket_hint_uses_stable_secondary_key_across_permuted_three_key_domains ... ok
test tests::hot_bucket_hint_zero_bucket_count_fails_closed_to_bucket_zero ... ok
test tests::hot_bucket_interleave_empty_batch_is_noop ... ok
test tests::hot_bucket_interleave_ignores_empty_access_noise_when_only_one_real_lane_exists ... ok
test tests::hot_bucket_interleave_keeps_first_hint_when_it_is_already_sparse_seed ... ok
test tests::hot_bucket_interleave_keeps_first_hint_when_skew_is_below_two_to_one_threshold ... ok
test tests::hot_bucket_interleave_keeps_first_sparse_seed_when_bucket_fanout_is_clamped ... ok
test tests::hot_bucket_interleave_keeps_first_sparse_seed_when_bucket_fanout_is_input_clamped ... ok
test tests::hot_bucket_interleave_prefers_a_sparse_bucket_under_moderate_two_to_one_skew ... ok
test tests::hot_bucket_interleave_prefers_sparse_non_empty_bucket_under_heavy_skew ... ok
test tests::hot_bucket_interleave_rejects_cross_domain_version_skew_before_micro_batch_short_circuit - should panic ... ok
test tests::hot_bucket_interleave_seeds_initial_round_from_first_hot_key ... ok
test tests::hot_bucket_interleave_short_circuits_all_singleton_buckets ... ok
test tests::hot_bucket_interleave_short_circuits_empty_access_batches ... ok
test tests::hot_bucket_interleave_short_circuits_single_bucket_hotspot ... ok
test tests::hot_bucket_interleave_short_circuits_single_bucket_hotspot_under_clamped_fanout ... ok
test tests::hot_bucket_interleave_skips_micro_batches_to_preserve_low_latency_order ... ok
test tests::hot_bucket_interleave_sparse_tie_prefers_nearest_bucket_across_ring_wrap ... ok
test tests::hot_bucket_interleave_sparse_tie_rotates_from_first_hot_hint ... ok
test tests::hot_bucket_keys_filter_shared_read_keys_before_selecting_second_domain_key ... ok
test tests::hot_bucket_keys_keep_global_secondary_when_primary_echo_role_flip_is_asymmetric ... ok
test tests::hot_bucket_keys_keep_global_secondary_when_primary_echo_roles_flip ... ok
test tests::hot_bucket_keys_keep_global_two_key_mixed_domain_hint_when_read_domain_is_primary ... ok
test tests::hot_bucket_keys_keep_object_zero_secondary_stable_across_role_flips ... ok
test tests::hot_bucket_keys_keep_smallest_secondary_when_shared_primary_echo_has_one_distinct_suffix_per_side ... ok
test tests::hot_bucket_keys_keep_write_first_secondary_stable_under_shared_primary_echo_noise ... ok
test tests::hot_bucket_keys_keep_zero_primary_echo_stable_when_single_suffix_flips_roles ... ok
test tests::hot_bucket_keys_keep_zero_primary_lane_stable_under_duplicate_heavy_role_flips ... ok
test tests::hot_bucket_keys_preserve_write_priority_under_duplicate_heavy_primary_echo ... ok
test tests::hot_bucket_keys_rejects_cross_domain_version_skew_for_same_object_id - should panic ... ok
test tests::hot_bucket_keys_skip_duplicate_leading_refs_and_preserve_write_priority ... ok
test tests::hot_bucket_keys_stay_stable_when_primary_echo_exists_in_both_domains ... ok
test tests::hot_bucket_keys_treat_object_zero_as_real_primary_domain_key ... ok
test tests::hot_object_share_rejects_cross_domain_version_skew_for_same_object_id - should panic ... ok
test tests::hot_object_share_stays_stable_for_duplicate_heavy_equivalent_mixed_domains ... ok
test tests::integer_env_parsers_accept_plus_prefixed_grouped_values ... ok
test tests::integer_env_parsers_accept_underscored_numeric_values ... ok
test tests::medium_small_vs_just_over_old_large_cutoff_preserves_semantics ... ok
test tests::medium_small_vs_large_conflict_path_avoids_hashset_and_preserves_semantics ... ok
test tests::medium_small_vs_very_large_conflict_path_preserves_semantics ... ok
test tests::no_conflict ... ok
test tests::original_conflict_only_batch_reports_singleton_profile_shape ... ok
test tests::original_free_ingress_fast_path_keeps_profile_stable_and_ordered ... ok
test tests::overlapping_read_write_domains_do_not_double_count_shared_object_conflicts ... ok
test tests::primary_access_domain_key_canonicalizes_duplicate_heavy_read_only_domains ... ok
test tests::primary_access_domain_key_ignores_same_version_cross_domain_echoes ... ok
test tests::primary_access_domain_key_keeps_object_zero_primary_stable_under_duplicate_heavy_role_flips ... ok
test tests::primary_access_domain_key_prefers_write_domain_over_lower_shared_read_keys ... ok
test tests::primary_access_domain_key_preserves_keyless_singleton_and_duplicate_write_domains ... ok
test tests::primary_access_domain_key_rejects_cross_domain_version_skew_for_same_object_id - should panic ... ok
test tests::primary_access_domain_key_rejects_read_only_version_skew_for_same_object_id - should panic ... ok
test tests::primary_access_domain_key_rejects_write_only_version_skew_for_same_object_id - should panic ... ok
test tests::primary_access_domain_key_stays_on_canonical_write_lane_under_duplicate_heavy_mixed_domains ... ok
test tests::primary_access_domain_key_treats_object_zero_as_real_key_for_write_and_read_fallback ... ok
test tests::primary_access_domain_key_two_entry_fast_path_canonicalizes_write_and_read_domains ... ok
test tests::read_domain_only_keys_large_write_domain_preserves_read_order_after_filtering ... ok
test tests::read_domain_only_keys_small_write_domain_preserves_read_order_after_filtering ... ok
test tests::read_domain_only_keys_treats_object_zero_as_real_shared_domain_key ... ok
test tests::read_only_overlap_is_non_conflicting ... ok
test tests::reorder_only_grouping_strategies_keep_mixed_access_domain_skew_guardrails ... ok
test tests::retry_attribution_metrics_surface_overlap_and_unattributed_hits ... ok
test tests::retry_scan_metrics_track_misses_hits_and_zero_denominators ... ok
test tests::retry_stage_concentration_drops_for_evenly_mixed_retries ... ok
test tests::retry_stage_concentration_peaks_for_single_stage_retries ... ok
test tests::retry_stage_concentration_stays_zero_without_conflicts ... ok
test tests::retry_stage_mix_entropy_peaks_for_evenly_mixed_non_overlapping_retries ... ok
test tests::rw_conflict ... ok
test tests::singleton_access_conflict_path_handles_skewed_footprints ... ok
test tests::skewed_small_vs_large_conflict_path_handles_large_domains ... ok
test tests::stage_retry_rate_and_per_tx_helpers_handle_zero_denominators ... ok
test tests::strategy_preserves_tx_count ... ok
test tests::tiny_footprint_conflict_check_handles_duplicates_without_false_positive ... ok
test tests::tx_access_domain_keys_dedups_shared_object_scope_across_read_and_write_sets ... ok
test tests::tx_access_domain_keys_match_hot_bucket_write_first_scope ... ok
test tests::tx_access_domain_keys_rejects_cross_domain_version_skew_for_same_object_id - should panic ... ok
test tests::tx_access_domain_keys_treat_object_zero_as_real_write_domain_member ... ok
test tests::vec_hashset_intersects_handles_singleton_hashset_domain ... ok
test tests::vec_hashset_intersects_large_duplicate_probe_path_preserves_semantics ... ok
test tests::vec_hashset_intersects_medium_duplicate_probe_path_preserves_semantics ... ok
test tests::vec_hashset_intersects_tiny_duplicate_probe_path_preserves_semantics ... ok
test tests::write_first_reorder_panics_on_mixed_domain_version_skew - should panic ... ok
test tests::write_first_reorder_uses_object_scoped_domains_not_raw_version_counts ... ok
test tests::write_last_reorder_panics_on_mixed_domain_version_skew - should panic ... ok
test tests::write_last_reorder_uses_object_scoped_domains_not_raw_version_counts ... ok
test tests::write_only_pairs_use_ww_semantics_for_hit_and_miss ... ok
test tests::ww_conflict ... ok
test tests::ww_conflict_treats_object_versions_as_one_write_domain ... ok

test result: ok. 262 passed; 0 failed; 0 ignored; 0 measured; 0 filtered out; finished in 0.06s

