    Checking trnm-mempool v0.1.0 (/home/qian-qi/Documents/chain-pon-invariants-verify-242906/trillionnium/crates/trnm-mempool)
    Checking trnm-types v0.1.0 (/home/qian-qi/Documents/chain-pon-invariants-verify-242906/trillionnium/crates/trnm-types)
    Checking trnm-peer-lease v0.1.0 (/home/qian-qi/Documents/chain-pon-invariants-verify-242906/trillionnium/crates/trnm-peer-lease)
    Checking trnm-crypto-primitives v0.1.0 (/home/qian-qi/Documents/chain-pon-invariants-verify-242906/trillionnium/crates/trnm-crypto-primitives)
    Checking trnm-task-kernel v0.1.0 (/home/qian-qi/Documents/chain-pon-invariants-verify-242906/trillionnium/crates/trnm-task-kernel)
    Checking trnm-checkpoint-types v0.1.0 (/home/qian-qi/Documents/chain-pon-invariants-verify-242906/trillionnium/crates/trnm-checkpoint-types)
    Checking trnm-protocol v0.1.0 (/home/qian-qi/Documents/chain-pon-invariants-verify-242906/trillionnium/crates/trnm-protocol)
    Checking trnm-audit-events v0.1.0 (/home/qian-qi/Documents/chain-pon-invariants-verify-242906/trillionnium/crates/trnm-audit-events)
    Checking trnm-checkpoint-store v0.1.0 (/home/qian-qi/Documents/chain-pon-invariants-verify-242906/trillionnium/crates/trnm-checkpoint-store)
    Checking trnm-executor v0.1.0 (/home/qian-qi/Documents/chain-pon-invariants-verify-242906/trillionnium/crates/trnm-executor)
    Checking trnm-mvcc-fee v0.1.0 (/home/qian-qi/Documents/chain-pon-invariants-verify-242906/trillionnium/crates/trnm-mvcc-fee)
    Checking trnm-research-protocol v0.1.0 (/home/qian-qi/Documents/chain-pon-invariants-verify-242906/trillionnium/crates/trnm-research-protocol)
    Checking trnm-verification-profiles v0.1.0 (/home/qian-qi/Documents/chain-pon-invariants-verify-242906/trillionnium/crates/trnm-verification-profiles)
    Checking trnm-transport v0.1.0 (/home/qian-qi/Documents/chain-pon-invariants-verify-242906/trillionnium/crates/trnm-transport)
    Checking trnm-bench v0.1.0 (/home/qian-qi/Documents/chain-pon-invariants-verify-242906/trillionnium/crates/trnm-bench)
    Checking trnm-worker-agent v0.1.0 (/home/qian-qi/Documents/chain-pon-invariants-verify-242906/trillionnium/crates/trnm-worker-agent)
    Checking trnm-service-settlement v0.1.0 (/home/qian-qi/Documents/chain-pon-invariants-verify-242906/trillionnium/crates/trnm-service-settlement)
    Checking trnm-escrow-vault v0.1.0 (/home/qian-qi/Documents/chain-pon-invariants-verify-242906/trillionnium/crates/trnm-escrow-vault)
    Checking trnm-governance-guard v0.1.0 (/home/qian-qi/Documents/chain-pon-invariants-verify-242906/trillionnium/crates/trnm-governance-guard)
    Checking trnm-oracle v0.1.0 (/home/qian-qi/Documents/chain-pon-invariants-verify-242906/trillionnium/crates/trnm-oracle)
    Checking trnm-data-availability v0.1.0 (/home/qian-qi/Documents/chain-pon-invariants-verify-242906/trillionnium/crates/trnm-data-availability)
    Checking trnm-state-import v0.1.0 (/home/qian-qi/Documents/chain-pon-invariants-verify-242906/trillionnium/crates/trnm-state-import)
    Checking trnm-control-plane v0.1.0 (/home/qian-qi/Documents/chain-pon-invariants-verify-242906/trillionnium/crates/trnm-control-plane)
    Checking trnm-release-bundle v0.1.0 (/home/qian-qi/Documents/chain-pon-invariants-verify-242906/trillionnium/crates/trnm-release-bundle)
    Finished `dev` profile [unoptimized + debuginfo] target(s) in 39.69s
