{
  "schema": "pon-paired-cost-execution-observation-v1",
  "source_commit": "3c63c8368187de895e1dc0df8bbc105c6f39f842",
  "source_tree": "54d2f12c0d783f827d43bc626489f58ab75d7c31",
  "source_clean_before": true,
  "source_clean_after": true,
  "started_at_utc": "2026-10-02T02:11:51.672789+00:00",
  "platform": "Linux-6.18.44-x86_64-with-glibc2.41",
  "python": "3.12.14",
  "rustc": "rustc 1.95.0 (59807616e 2026-04-14)",
  "cargo": "cargo 1.95.0 (f2d3ce0bd 2026-03-21)",
  "environment": {
    "CARGO_HOME": "/workspace/scratch/aebafee84981/toolchain/cargo",
    "RUSTUP_HOME": "/workspace/scratch/aebafee84981/toolchain/rustup",
    "CARGO_TARGET_DIR": "/workspace/scratch/aebafee84981/Trillionnium-Chain/trillionnium/target",
    "CARGO_BUILD_JOBS": "2",
    "RUST_TEST_THREADS": "1",
    "OPENBLAS_NUM_THREADS": "1",
    "OMP_NUM_THREADS": "1",
    "PYTHONDONTWRITEBYTECODE": "1"
  },
  "logical_cpus": 9,
  "filesystem": "overlayfs",
  "concurrency": "serial example; no other local measurement intentionally run concurrently",
  "independent_accepted": false,
  "public_network_tested": false,
  "work_hardness_accepted": false,
  "production_activation": false,
  "build_command": [
    "cargo",
    "build",
    "--offline",
    "--locked",
    "--release",
    "--manifest-path",
    "trillionnium/Cargo.toml",
    "-p",
    "trnm-crypto-primitives",
    "--example",
    "pon_prepared_cost"
  ],
  "build_returncode": 0,
  "binary_sha256": "b21c579714ef673c098f11fd182260cd752c462088524b0dd6267c289afea017",
  "command": [
    "/workspace/scratch/aebafee84981/Trillionnium-Chain/trillionnium/target/release/examples/pon_prepared_cost"
  ],
  "process_wall_ns": 756783563,
  "returncode": 0,
  "binary_unchanged_after": true,
  "sample_validation_passed": true,
  "source_inputs_unchanged_after": true,
  "source_head_unchanged_after": true,
  "finished_at_utc": "2026-10-02T02:11:52.813955+00:00"
}
