{"acceptance_granted": false, "branch_refs_changed": false, "fetched": [], "verified_object_trees": {"242906bae4f281c738c60adbd2c053d2ded1eae5": "160cc493ab4cfb7f3f8c26b2d1621691a0c49502", "30b85c34d1be404dcccd9f415286bb43b00f64ea": "4ee1a9d265f09871b0f167d2a5be77ca4b9839c0", "50e158640d8278ca94dbecb6539dab96c6a9fb84": "d61a69d3433db127019924d269bf25ded3aecf60", "5d59b9540268914794a62e8fa237caf999499314": "30ee65c0752693f4eecc90f924972279f00c0c73"}}
test_existing_objects_do_not_fetch (__main__.EvidenceSourceTests.test_existing_objects_do_not_fetch) ... ok
test_failed_fetch_does_not_succeed (__main__.EvidenceSourceTests.test_failed_fetch_does_not_succeed) ... ok
test_invalid_declared_identity_rejects_before_any_command (__main__.EvidenceSourceTests.test_invalid_declared_identity_rejects_before_any_command) ... ok
test_missing_sources_fetch_only_exact_repo_and_commit (__main__.EvidenceSourceTests.test_missing_sources_fetch_only_exact_repo_and_commit) ... ok
test_non_sha_cannot_be_a_fetch_argument (__main__.EvidenceSourceTests.test_non_sha_cannot_be_a_fetch_argument) ... ok
test_tree_mismatch_is_not_evidence (__main__.EvidenceSourceTests.test_tree_mismatch_is_not_evidence) ... ok

----------------------------------------------------------------------
Ran 6 tests in 0.012s

OK
{"activation": false, "head": "dbb1c989342639c4c04366a0d12bc3ecb4760e04", "local_links": 305, "normal_dependency_edges": 10, "result": "PASS", "runtime_implemented": false, "rust_files": 609, "source_state": "committed-clean", "tree": "a38495fe234c4ae71aeae3c570d5d91acf847fee", "workspace_packages": 24}
test_current_claims_are_unactivated (__main__.EvidenceBoundaryTests.test_current_claims_are_unactivated) ... ok
test_duplicate_json_claims (__main__.EvidenceBoundaryTests.test_duplicate_json_claims) ... ok
test_explicit_missing_native_core (__main__.EvidenceBoundaryTests.test_explicit_missing_native_core) ... ok
test_false_is_not_integer_zero (__main__.EvidenceBoundaryTests.test_false_is_not_integer_zero) ... ok
test_no_release_from_nested_report (__main__.EvidenceBoundaryTests.test_no_release_from_nested_report) ... ok
test_no_runtime_claim (__main__.EvidenceBoundaryTests.test_no_runtime_claim) ... ok
test_no_work_qualification_from_reference (__main__.EvidenceBoundaryTests.test_no_work_qualification_from_reference) ... ok
test_old_protocol_is_not_supported (__main__.EvidenceBoundaryTests.test_old_protocol_is_not_supported) ... ok

----------------------------------------------------------------------
Ran 8 tests in 0.001s

OK
{"archive_commit": "5d59b9540268914794a62e8fa237caf999499314", "consistency": "verified-historical", "evidence_files": 43, "implementation_commit": "8b87fee77ddee6a9778e8bebe880ba2627b05d5d", "independent_accepted": false, "matches_current_source": false, "production_activation": false, "source_bindings": 704, "tracked_artifacts_verified": true}
test_best_expert_control_cannot_be_hidden (__main__.EvidenceRejectionTests.test_best_expert_control_cannot_be_hidden) ... ok
test_current_local_evidence (__main__.EvidenceRejectionTests.test_current_local_evidence) ... ok
test_evidence_path_cannot_escape (__main__.EvidenceRejectionTests.test_evidence_path_cannot_escape) ... ok
test_failed_experiment_cannot_be_omitted (__main__.EvidenceRejectionTests.test_failed_experiment_cannot_be_omitted) ... ok
test_future_window_claim_rejected_even_after_rehash (__main__.EvidenceRejectionTests.test_future_window_claim_rejected_even_after_rehash) ... ok
test_independent_acceptance_cannot_be_fabricated (__main__.EvidenceRejectionTests.test_independent_acceptance_cannot_be_fabricated) ... ok
test_raw_artifact_cannot_be_swapped (__main__.EvidenceRejectionTests.test_raw_artifact_cannot_be_swapped) ... ok
test_skipped_campaign_cannot_be_a_pass (__main__.EvidenceRejectionTests.test_skipped_campaign_cannot_be_a_pass) ... ok
test_source_digest_cannot_be_stale (__main__.EvidenceRejectionTests.test_source_digest_cannot_be_stale) ... ok

----------------------------------------------------------------------
Ran 9 tests in 11.300s

OK
{"artifact_files": 76, "executed_invariant_selectors": 61, "implementation_commit": "242906bae4f281c738c60adbd2c053d2ded1eae5", "independent_accepted": false, "native_tests": 1801, "physical_hosts": 3, "production_activation": false, "python_suites": 17, "runtime_matches_measured_source": false}
test_busy_and_recomputed_counts_must_conserve (__main__.InvariantEvidenceTests.test_busy_and_recomputed_counts_must_conserve) ... ok
test_dirty_source_is_not_exact_head (__main__.InvariantEvidenceTests.test_dirty_source_is_not_exact_head) ... ok
test_executor_sample_cannot_be_chain_tps (__main__.InvariantEvidenceTests.test_executor_sample_cannot_be_chain_tps) ... ok
test_failed_learning_cannot_be_paid (__main__.InvariantEvidenceTests.test_failed_learning_cannot_be_paid) ... ok
test_fixture_history_cannot_be_real_work (__main__.InvariantEvidenceTests.test_fixture_history_cannot_be_real_work) ... ok
test_initial_harness_failure_cannot_be_hidden (__main__.InvariantEvidenceTests.test_initial_harness_failure_cannot_be_hidden) ... ok
test_multihost_is_not_independent_operation (__main__.InvariantEvidenceTests.test_multihost_is_not_independent_operation) ... ok
test_native_count_cannot_be_inflated (__main__.InvariantEvidenceTests.test_native_count_cannot_be_inflated) ... ok
test_no_cost_theorem_from_timing (__main__.InvariantEvidenceTests.test_no_cost_theorem_from_timing) ... ok
test_no_implicit_public_fairness (__main__.InvariantEvidenceTests.test_no_implicit_public_fairness) ... ok
test_page_limit_is_not_a_physical_disk_outage (__main__.InvariantEvidenceTests.test_page_limit_is_not_a_physical_disk_outage) ... ok
test_parallel_different_roots_reject (__main__.InvariantEvidenceTests.test_parallel_different_roots_reject) ... ok
test_prior_execution_cannot_be_promoted_to_current_runtime (__main__.InvariantEvidenceTests.test_prior_execution_cannot_be_promoted_to_current_runtime) ... ok
test_process_crash_is_not_power_loss (__main__.InvariantEvidenceTests.test_process_crash_is_not_power_loss) ... ok
test_public_owner_path_cannot_be_fabricated (__main__.InvariantEvidenceTests.test_public_owner_path_cannot_be_fabricated) ... ok
test_raw_log_tampering_is_rejected (__main__.InvariantEvidenceTests.test_raw_log_tampering_is_rejected) ... ok
test_recorded_source_and_results (__main__.InvariantEvidenceTests.test_recorded_source_and_results) ... ok
test_runtime_failure_is_not_success (__main__.InvariantEvidenceTests.test_runtime_failure_is_not_success) ... ok
test_training_attempts_cannot_be_improving_generations (__main__.InvariantEvidenceTests.test_training_attempts_cannot_be_improving_generations) ... ok
test_wrong_source_commit_is_rejected (__main__.InvariantEvidenceTests.test_wrong_source_commit_is_rejected) ... ok

----------------------------------------------------------------------
Ran 20 tests in 7.307s

OK
{"comparison_samples": 216, "executed_invariant_selectors": 66, "historical_only": true, "independent_accepted": false, "measured_commit": "30b85c34d1be404dcccd9f415286bb43b00f64ea", "native_tests": 1801, "ordinary_hepta_entry": false, "physical_hosts": 3, "production_activation": false, "runtime_matches": null}
test_bad_exit_is_not_a_pass (__main__.CompletionEvidenceTests.test_bad_exit_is_not_a_pass) ... ok
test_changed_root_rejects_even_after_rehash (__main__.CompletionEvidenceTests.test_changed_root_rejects_even_after_rehash) ... ok
test_different_host_binary_is_not_qualified (__main__.CompletionEvidenceTests.test_different_host_binary_is_not_qualified) ... ok
test_different_inputs_not_comparable (__main__.CompletionEvidenceTests.test_different_inputs_not_comparable) ... ok
test_dirty_execution_not_qualified (__main__.CompletionEvidenceTests.test_dirty_execution_not_qualified) ... ok
test_failed_temporary_cleanup_is_not_hidden (__main__.CompletionEvidenceTests.test_failed_temporary_cleanup_is_not_hidden) ... ok
test_hepta_owner_cannot_be_invented (__main__.CompletionEvidenceTests.test_hepta_owner_cannot_be_invented) ... ok
test_historical_receipt_does_not_claim_current_runtime (__main__.CompletionEvidenceTests.test_historical_receipt_does_not_claim_current_runtime) ... ok
test_host_result_cannot_be_independent_consensus (__main__.CompletionEvidenceTests.test_host_result_cannot_be_independent_consensus) ... ok
test_host_wrong_root_rejects (__main__.CompletionEvidenceTests.test_host_wrong_root_rejects) ... ok
test_included_count_cannot_be_inferred (__main__.CompletionEvidenceTests.test_included_count_cannot_be_inferred) ... ok
test_missing_binary_samples_reject (__main__.CompletionEvidenceTests.test_missing_binary_samples_reject) ... ok
test_model_generations_cannot_be_invented (__main__.CompletionEvidenceTests.test_model_generations_cannot_be_invented) ... ok
test_no_independent_operator_from_same_owner (__main__.CompletionEvidenceTests.test_no_independent_operator_from_same_owner) ... ok
test_old_campaign_cannot_be_promoted (__main__.CompletionEvidenceTests.test_old_campaign_cannot_be_promoted) ... ok
test_old_receipt_refuses_current_runtime_without_explicit_historical_scope (__main__.CompletionEvidenceTests.test_old_receipt_refuses_current_runtime_without_explicit_historical_scope) ... ok
test_omitted_host_case_rejects (__main__.CompletionEvidenceTests.test_omitted_host_case_rejects) ... ok
test_raw_log_cannot_be_replaced (__main__.CompletionEvidenceTests.test_raw_log_cannot_be_replaced) ... ok
test_signature_count_does_not_disappear (__main__.CompletionEvidenceTests.test_signature_count_does_not_disappear) ... ok
test_summary_cannot_claim_future_learning (__main__.CompletionEvidenceTests.test_summary_cannot_claim_future_learning) ... ok
test_summary_cannot_hide_regression (__main__.CompletionEvidenceTests.test_summary_cannot_hide_regression) ... ok
test_summary_cannot_inflate_test_results (__main__.CompletionEvidenceTests.test_summary_cannot_inflate_test_results) ... ok
test_summary_cannot_relabel_old_history_as_current (__main__.CompletionEvidenceTests.test_summary_cannot_relabel_old_history_as_current) ... ok
test_worker_creation_bound_is_real (__main__.CompletionEvidenceTests.test_worker_creation_bound_is_real) ... ok

----------------------------------------------------------------------
Ran 24 tests in 7.239s

OK
{"doc_tests": 15, "executed_invariant_selectors": 84, "independent_accepted": false, "measured_commit": "50e158640d8278ca94dbecb6539dab96c6a9fb84", "model_reward": 0, "native_tests": 1801, "ordinary_hepta_entry": false, "physical_hosts": 3, "production_activation": false, "python_test_executions": 279, "runtime_matches": true, "three_improving_generations": false}
test_class_name_in_another_file_is_not_a_test_invocation (__main__.CurrentEvaluationEvidenceTests.test_class_name_in_another_file_is_not_a_test_invocation) ... ok
test_current_source_and_all_named_experiments_recompute (__main__.CurrentEvaluationEvidenceTests.test_current_source_and_all_named_experiments_recompute) ... ok
test_failed_command_cannot_be_counted (__main__.CurrentEvaluationEvidenceTests.test_failed_command_cannot_be_counted) ... ok
test_failed_remote_cleanup_is_not_hidden (__main__.CurrentEvaluationEvidenceTests.test_failed_remote_cleanup_is_not_hidden) ... ok
test_forged_aggregate_score_fails_even_with_updated_file_hash (__main__.CurrentEvaluationEvidenceTests.test_forged_aggregate_score_fails_even_with_updated_file_hash) ... ok
test_future_generations_cannot_be_invented (__main__.CurrentEvaluationEvidenceTests.test_future_generations_cannot_be_invented) ... ok
test_host_result_cannot_change_its_evaluation_hash (__main__.CurrentEvaluationEvidenceTests.test_host_result_cannot_change_its_evaluation_hash) ... ok
test_independent_operators_cannot_be_invented (__main__.CurrentEvaluationEvidenceTests.test_independent_operators_cannot_be_invented) ... ok
test_missing_native_oracle_command_rejects (__main__.CurrentEvaluationEvidenceTests.test_missing_native_oracle_command_rejects) ... ok
test_native_backend_cannot_be_silently_reference (__main__.CurrentEvaluationEvidenceTests.test_native_backend_cannot_be_silently_reference) ... ok
test_old_evidence_is_not_silently_replaced (__main__.CurrentEvaluationEvidenceTests.test_old_evidence_is_not_silently_replaced) ... ok
test_retrospective_zero_reward_cannot_be_promoted (__main__.CurrentEvaluationEvidenceTests.test_retrospective_zero_reward_cannot_be_promoted) ... ok
test_source_hash_binding_cannot_be_omitted (__main__.CurrentEvaluationEvidenceTests.test_source_hash_binding_cannot_be_omitted) ... ok
test_supplement_must_be_same_clean_implementation (__main__.CurrentEvaluationEvidenceTests.test_supplement_must_be_same_clean_implementation) ... ok
test_three_no_change_attempts_are_not_three_adoptions (__main__.CurrentEvaluationEvidenceTests.test_three_no_change_attempts_are_not_three_adoptions) ... ok
test_unmeasured_vram_cannot_be_filled (__main__.CurrentEvaluationEvidenceTests.test_unmeasured_vram_cannot_be_filled) ... ok

----------------------------------------------------------------------
Ran 16 tests in 22.197s

OK
# Responsibility evidence at dbb1c989342639c4c04366a0d12bc3ecb4760e04

Working tree dirty: False. No tests are executed by this report.

| Responsibility | Package / measured source | Subject bytes | Complete recorded runtime | Exact tests observed / declared |
|---|---|---|---|---|
| M00.DecodeHeader | v1 / `8b87fee77ddee6a9778e8bebe880ba2627b05d5d` | False | False | 0/2 |
| M00.DecodeHeader | v3 / `242906bae4f281c738c60adbd2c053d2ded1eae5` | True | False | 2/2 |
| M00.DecodeHeader | v4 / `30b85c34d1be404dcccd9f415286bb43b00f64ea` | True | False | 2/2 |
| M00.DecodeHeader | e3 / `50e158640d8278ca94dbecb6539dab96c6a9fb84` | True | True | 2/2 |
| M00.DecodeTransaction | v1 / `8b87fee77ddee6a9778e8bebe880ba2627b05d5d` | False | False | 0/1 |
| M00.DecodeTransaction | v3 / `242906bae4f281c738c60adbd2c053d2ded1eae5` | True | False | 1/1 |
| M00.DecodeTransaction | v4 / `30b85c34d1be404dcccd9f415286bb43b00f64ea` | True | False | 1/1 |
| M00.DecodeTransaction | e3 / `50e158640d8278ca94dbecb6539dab96c6a9fb84` | True | True | 1/1 |
| M01.VerifyWork | v1 / `8b87fee77ddee6a9778e8bebe880ba2627b05d5d` | False | False | 0/2 |
| M01.VerifyWork | v3 / `242906bae4f281c738c60adbd2c053d2ded1eae5` | True | False | 2/2 |
| M01.VerifyWork | v4 / `30b85c34d1be404dcccd9f415286bb43b00f64ea` | True | False | 2/2 |
| M01.VerifyWork | e3 / `50e158640d8278ca94dbecb6539dab96c6a9fb84` | True | True | 2/2 |
| M01.VerifyTransactionSignature | v1 / `8b87fee77ddee6a9778e8bebe880ba2627b05d5d` | False | False | 0/2 |
| M01.VerifyTransactionSignature | v3 / `242906bae4f281c738c60adbd2c053d2ded1eae5` | False | False | 2/2 |
| M01.VerifyTransactionSignature | v4 / `30b85c34d1be404dcccd9f415286bb43b00f64ea` | True | False | 2/2 |
| M01.VerifyTransactionSignature | e3 / `50e158640d8278ca94dbecb6539dab96c6a9fb84` | True | True | 2/2 |
| M02.AdmitBlock | v1 / `8b87fee77ddee6a9778e8bebe880ba2627b05d5d` | False | False | 0/2 |
| M02.AdmitBlock | v3 / `242906bae4f281c738c60adbd2c053d2ded1eae5` | True | False | 2/2 |
| M02.AdmitBlock | v4 / `30b85c34d1be404dcccd9f415286bb43b00f64ea` | True | False | 2/2 |
| M02.AdmitBlock | e3 / `50e158640d8278ca94dbecb6539dab96c6a9fb84` | True | True | 2/2 |
| M02.ChooseBranch | v1 / `8b87fee77ddee6a9778e8bebe880ba2627b05d5d` | False | False | 0/2 |
| M02.ChooseBranch | v3 / `242906bae4f281c738c60adbd2c053d2ded1eae5` | True | False | 2/2 |
| M02.ChooseBranch | v4 / `30b85c34d1be404dcccd9f415286bb43b00f64ea` | True | False | 2/2 |
| M02.ChooseBranch | e3 / `50e158640d8278ca94dbecb6539dab96c6a9fb84` | True | True | 2/2 |
| M03.RunWorkAttempt | v1 / `8b87fee77ddee6a9778e8bebe880ba2627b05d5d` | False | False | 0/1 |
| M03.RunWorkAttempt | v3 / `242906bae4f281c738c60adbd2c053d2ded1eae5` | True | False | 1/1 |
| M03.RunWorkAttempt | v4 / `30b85c34d1be404dcccd9f415286bb43b00f64ea` | True | False | 1/1 |
| M03.RunWorkAttempt | e3 / `50e158640d8278ca94dbecb6539dab96c6a9fb84` | True | True | 1/1 |
| M03.EnterExternalEffect | v1 / `8b87fee77ddee6a9778e8bebe880ba2627b05d5d` | False | False | 0/2 |
| M03.EnterExternalEffect | v3 / `242906bae4f281c738c60adbd2c053d2ded1eae5` | True | False | 2/2 |
| M03.EnterExternalEffect | v4 / `30b85c34d1be404dcccd9f415286bb43b00f64ea` | True | False | 2/2 |
| M03.EnterExternalEffect | e3 / `50e158640d8278ca94dbecb6539dab96c6a9fb84` | True | True | 2/2 |
| M04.ReadFrame | v1 / `8b87fee77ddee6a9778e8bebe880ba2627b05d5d` | False | False | 0/0 |
| M04.ReadFrame | v3 / `242906bae4f281c738c60adbd2c053d2ded1eae5` | True | False | 0/0 |
| M04.ReadFrame | v4 / `30b85c34d1be404dcccd9f415286bb43b00f64ea` | True | False | 0/0 |
| M04.ReadFrame | e3 / `50e158640d8278ca94dbecb6539dab96c6a9fb84` | True | True | 0/0 |
| M04.PropagateVerifiedBlock | v1 / `8b87fee77ddee6a9778e8bebe880ba2627b05d5d` | False | False | 0/0 |
| M04.PropagateVerifiedBlock | v3 / `242906bae4f281c738c60adbd2c053d2ded1eae5` | True | False | 0/0 |
| M04.PropagateVerifiedBlock | v4 / `30b85c34d1be404dcccd9f415286bb43b00f64ea` | True | False | 0/0 |
| M04.PropagateVerifiedBlock | e3 / `50e158640d8278ca94dbecb6539dab96c6a9fb84` | True | True | 0/0 |
| M05.ValidateTransaction | v1 / `8b87fee77ddee6a9778e8bebe880ba2627b05d5d` | False | False | 0/2 |
| M05.ValidateTransaction | v3 / `242906bae4f281c738c60adbd2c053d2ded1eae5` | False | False | 1/2 |
| M05.ValidateTransaction | v4 / `30b85c34d1be404dcccd9f415286bb43b00f64ea` | True | False | 2/2 |
| M05.ValidateTransaction | e3 / `50e158640d8278ca94dbecb6539dab96c6a9fb84` | True | True | 2/2 |
| M05.ReconsiderAfterReorg | v1 / `8b87fee77ddee6a9778e8bebe880ba2627b05d5d` | False | False | 0/0 |
| M05.ReconsiderAfterReorg | v3 / `242906bae4f281c738c60adbd2c053d2ded1eae5` | True | False | 0/0 |
| M05.ReconsiderAfterReorg | v4 / `30b85c34d1be404dcccd9f415286bb43b00f64ea` | True | False | 0/0 |
| M05.ReconsiderAfterReorg | e3 / `50e158640d8278ca94dbecb6539dab96c6a9fb84` | True | True | 0/0 |
| M06.ExecuteCandidate | v1 / `8b87fee77ddee6a9778e8bebe880ba2627b05d5d` | False | False | 0/2 |
| M06.ExecuteCandidate | v3 / `242906bae4f281c738c60adbd2c053d2ded1eae5` | False | False | 1/2 |
| M06.ExecuteCandidate | v4 / `30b85c34d1be404dcccd9f415286bb43b00f64ea` | True | False | 2/2 |
| M06.ExecuteCandidate | e3 / `50e158640d8278ca94dbecb6539dab96c6a9fb84` | True | True | 2/2 |
| M06.DeriveBranchDelta | v1 / `8b87fee77ddee6a9778e8bebe880ba2627b05d5d` | False | False | 0/1 |
| M06.DeriveBranchDelta | v3 / `242906bae4f281c738c60adbd2c053d2ded1eae5` | True | False | 1/1 |
| M06.DeriveBranchDelta | v4 / `30b85c34d1be404dcccd9f415286bb43b00f64ea` | True | False | 1/1 |
| M06.DeriveBranchDelta | e3 / `50e158640d8278ca94dbecb6539dab96c6a9fb84` | True | True | 1/1 |
| M07.OpenNamespace | v1 / `8b87fee77ddee6a9778e8bebe880ba2627b05d5d` | False | False | 0/2 |
| M07.OpenNamespace | v3 / `242906bae4f281c738c60adbd2c053d2ded1eae5` | True | False | 2/2 |
| M07.OpenNamespace | v4 / `30b85c34d1be404dcccd9f415286bb43b00f64ea` | True | False | 2/2 |
| M07.OpenNamespace | e3 / `50e158640d8278ca94dbecb6539dab96c6a9fb84` | True | True | 2/2 |
| M07.StageBranch | v1 / `8b87fee77ddee6a9778e8bebe880ba2627b05d5d` | False | False | 0/2 |
| M07.StageBranch | v3 / `242906bae4f281c738c60adbd2c053d2ded1eae5` | True | False | 2/2 |
| M07.StageBranch | v4 / `30b85c34d1be404dcccd9f415286bb43b00f64ea` | True | False | 2/2 |
| M07.StageBranch | e3 / `50e158640d8278ca94dbecb6539dab96c6a9fb84` | True | True | 2/2 |
| M08.PlanReorg | v1 / `8b87fee77ddee6a9778e8bebe880ba2627b05d5d` | False | False | 0/2 |
| M08.PlanReorg | v3 / `242906bae4f281c738c60adbd2c053d2ded1eae5` | True | False | 2/2 |
| M08.PlanReorg | v4 / `30b85c34d1be404dcccd9f415286bb43b00f64ea` | True | False | 2/2 |
| M08.PlanReorg | e3 / `50e158640d8278ca94dbecb6539dab96c6a9fb84` | True | True | 2/2 |
| M08.RecoverAndPublish | v1 / `8b87fee77ddee6a9778e8bebe880ba2627b05d5d` | False | False | 0/2 |
| M08.RecoverAndPublish | v3 / `242906bae4f281c738c60adbd2c053d2ded1eae5` | True | False | 2/2 |
| M08.RecoverAndPublish | v4 / `30b85c34d1be404dcccd9f415286bb43b00f64ea` | True | False | 2/2 |
| M08.RecoverAndPublish | e3 / `50e158640d8278ca94dbecb6539dab96c6a9fb84` | True | True | 2/2 |
| M09.ValidateArtifact | v1 / `8b87fee77ddee6a9778e8bebe880ba2627b05d5d` | False | False | 0/2 |
| M09.ValidateArtifact | v3 / `242906bae4f281c738c60adbd2c053d2ded1eae5` | False | False | 2/2 |
| M09.ValidateArtifact | v4 / `30b85c34d1be404dcccd9f415286bb43b00f64ea` | False | False | 2/2 |
| M09.ValidateArtifact | e3 / `50e158640d8278ca94dbecb6539dab96c6a9fb84` | True | True | 2/2 |
| M09.FetchWithoutAuthor | v1 / `8b87fee77ddee6a9778e8bebe880ba2627b05d5d` | False | False | 0/0 |
| M09.FetchWithoutAuthor | v3 / `242906bae4f281c738c60adbd2c053d2ded1eae5` | False | False | 0/0 |
| M09.FetchWithoutAuthor | v4 / `30b85c34d1be404dcccd9f415286bb43b00f64ea` | False | False | 0/0 |
| M09.FetchWithoutAuthor | e3 / `50e158640d8278ca94dbecb6539dab96c6a9fb84` | True | True | 0/0 |
| M10.SubmitContribution | v1 / `8b87fee77ddee6a9778e8bebe880ba2627b05d5d` | False | False | 0/2 |
| M10.SubmitContribution | v3 / `242906bae4f281c738c60adbd2c053d2ded1eae5` | False | False | 2/2 |
| M10.SubmitContribution | v4 / `30b85c34d1be404dcccd9f415286bb43b00f64ea` | True | False | 2/2 |
| M10.SubmitContribution | e3 / `50e158640d8278ca94dbecb6539dab96c6a9fb84` | True | True | 2/2 |
| M10.PublishEvaluatedRelease | v1 / `8b87fee77ddee6a9778e8bebe880ba2627b05d5d` | False | False | 0/1 |
| M10.PublishEvaluatedRelease | v3 / `242906bae4f281c738c60adbd2c053d2ded1eae5` | False | False | 1/1 |
| M10.PublishEvaluatedRelease | v4 / `30b85c34d1be404dcccd9f415286bb43b00f64ea` | True | False | 1/1 |
| M10.PublishEvaluatedRelease | e3 / `50e158640d8278ca94dbecb6539dab96c6a9fb84` | True | True | 1/1 |
| M11.EvaluateFrozenModel | v1 / `8b87fee77ddee6a9778e8bebe880ba2627b05d5d` | False | False | 0/2 |
| M11.EvaluateFrozenModel | v3 / `242906bae4f281c738c60adbd2c053d2ded1eae5` | False | False | 0/2 |
| M11.EvaluateFrozenModel | v4 / `30b85c34d1be404dcccd9f415286bb43b00f64ea` | False | False | 0/2 |
| M11.EvaluateFrozenModel | e3 / `50e158640d8278ca94dbecb6539dab96c6a9fb84` | True | True | 2/2 |
| M11.AdmitEvaluation | v1 / `8b87fee77ddee6a9778e8bebe880ba2627b05d5d` | False | False | 0/2 |
| M11.AdmitEvaluation | v3 / `242906bae4f281c738c60adbd2c053d2ded1eae5` | False | False | 2/2 |
| M11.AdmitEvaluation | v4 / `30b85c34d1be404dcccd9f415286bb43b00f64ea` | True | False | 2/2 |
| M11.AdmitEvaluation | e3 / `50e158640d8278ca94dbecb6539dab96c6a9fb84` | True | True | 2/2 |
| M12.ClaimContributionReward | v1 / `8b87fee77ddee6a9778e8bebe880ba2627b05d5d` | False | False | 0/2 |
| M12.ClaimContributionReward | v3 / `242906bae4f281c738c60adbd2c053d2ded1eae5` | False | False | 2/2 |
| M12.ClaimContributionReward | v4 / `30b85c34d1be404dcccd9f415286bb43b00f64ea` | True | False | 2/2 |
| M12.ClaimContributionReward | e3 / `50e158640d8278ca94dbecb6539dab96c6a9fb84` | True | True | 2/2 |
| M12.ConsumeSponsoredQuota | v1 / `8b87fee77ddee6a9778e8bebe880ba2627b05d5d` | False | False | 0/2 |
| M12.ConsumeSponsoredQuota | v3 / `242906bae4f281c738c60adbd2c053d2ded1eae5` | False | False | 2/2 |
| M12.ConsumeSponsoredQuota | v4 / `30b85c34d1be404dcccd9f415286bb43b00f64ea` | True | False | 2/2 |
| M12.ConsumeSponsoredQuota | e3 / `50e158640d8278ca94dbecb6539dab96c6a9fb84` | True | True | 2/2 |
| M13.RebuildBranchState | v1 / `8b87fee77ddee6a9778e8bebe880ba2627b05d5d` | False | False | 0/1 |
| M13.RebuildBranchState | v3 / `242906bae4f281c738c60adbd2c053d2ded1eae5` | True | False | 1/1 |
| M13.RebuildBranchState | v4 / `30b85c34d1be404dcccd9f415286bb43b00f64ea` | True | False | 1/1 |
| M13.RebuildBranchState | e3 / `50e158640d8278ca94dbecb6539dab96c6a9fb84` | True | True | 1/1 |
| M13.VerifyIncomingHistory | v1 / `8b87fee77ddee6a9778e8bebe880ba2627b05d5d` | False | False | 0/0 |
| M13.VerifyIncomingHistory | v3 / `242906bae4f281c738c60adbd2c053d2ded1eae5` | True | False | 0/0 |
| M13.VerifyIncomingHistory | v4 / `30b85c34d1be404dcccd9f415286bb43b00f64ea` | True | False | 0/0 |
| M13.VerifyIncomingHistory | e3 / `50e158640d8278ca94dbecb6539dab96c6a9fb84` | True | True | 0/0 |
| M14.QueryCurrentState | v1 / `8b87fee77ddee6a9778e8bebe880ba2627b05d5d` | False | False | 0/1 |
| M14.QueryCurrentState | v3 / `242906bae4f281c738c60adbd2c053d2ded1eae5` | True | False | 1/1 |
| M14.QueryCurrentState | v4 / `30b85c34d1be404dcccd9f415286bb43b00f64ea` | True | False | 1/1 |
| M14.QueryCurrentState | e3 / `50e158640d8278ca94dbecb6539dab96c6a9fb84` | True | True | 1/1 |
| M14.ConsumePublishedModel | v1 / `8b87fee77ddee6a9778e8bebe880ba2627b05d5d` | False | False | 0/1 |
| M14.ConsumePublishedModel | v3 / `242906bae4f281c738c60adbd2c053d2ded1eae5` | False | False | 0/1 |
| M14.ConsumePublishedModel | v4 / `30b85c34d1be404dcccd9f415286bb43b00f64ea` | False | False | 0/1 |
| M14.ConsumePublishedModel | e3 / `50e158640d8278ca94dbecb6539dab96c6a9fb84` | True | True | 1/1 |
| M15.StartExecutableSpecPeer | v1 / `8b87fee77ddee6a9778e8bebe880ba2627b05d5d` | False | False | 0/0 |
| M15.StartExecutableSpecPeer | v3 / `242906bae4f281c738c60adbd2c053d2ded1eae5` | True | False | 0/0 |
| M15.StartExecutableSpecPeer | v4 / `30b85c34d1be404dcccd9f415286bb43b00f64ea` | True | False | 0/0 |
| M15.StartExecutableSpecPeer | e3 / `50e158640d8278ca94dbecb6539dab96c6a9fb84` | True | True | 0/0 |
| M15.StopAndReconcile | v1 / `8b87fee77ddee6a9778e8bebe880ba2627b05d5d` | False | False | 0/2 |
| M15.StopAndReconcile | v3 / `242906bae4f281c738c60adbd2c053d2ded1eae5` | True | False | 2/2 |
| M15.StopAndReconcile | v4 / `30b85c34d1be404dcccd9f415286bb43b00f64ea` | True | False | 2/2 |
| M15.StopAndReconcile | e3 / `50e158640d8278ca94dbecb6539dab96c6a9fb84` | True | True | 2/2 |
| M16.TrainCompatibleCandidate | v1 / `8b87fee77ddee6a9778e8bebe880ba2627b05d5d` | False | False | 0/0 |
| M16.TrainCompatibleCandidate | v3 / `242906bae4f281c738c60adbd2c053d2ded1eae5` | False | False | 0/0 |
| M16.TrainCompatibleCandidate | v4 / `30b85c34d1be404dcccd9f415286bb43b00f64ea` | False | False | 0/0 |
| M16.TrainCompatibleCandidate | e3 / `50e158640d8278ca94dbecb6539dab96c6a9fb84` | True | True | 0/0 |
| M16.CompareOrAbstain | v1 / `8b87fee77ddee6a9778e8bebe880ba2627b05d5d` | False | False | 0/2 |
| M16.CompareOrAbstain | v3 / `242906bae4f281c738c60adbd2c053d2ded1eae5` | False | False | 0/2 |
| M16.CompareOrAbstain | v4 / `30b85c34d1be404dcccd9f415286bb43b00f64ea` | False | False | 0/2 |
| M16.CompareOrAbstain | e3 / `50e158640d8278ca94dbecb6539dab96c6a9fb84` | True | True | 2/2 |
| M17.CheckDetailedContracts | v1 / `8b87fee77ddee6a9778e8bebe880ba2627b05d5d` | False | False | 0/0 |
| M17.CheckDetailedContracts | v3 / `242906bae4f281c738c60adbd2c053d2ded1eae5` | False | False | 0/0 |
| M17.CheckDetailedContracts | v4 / `30b85c34d1be404dcccd9f415286bb43b00f64ea` | False | False | 0/0 |
| M17.CheckDetailedContracts | e3 / `50e158640d8278ca94dbecb6539dab96c6a9fb84` | False | True | 0/0 |
| M17.QualifyExecutedCampaign | v1 / `8b87fee77ddee6a9778e8bebe880ba2627b05d5d` | False | False | 0/0 |
| M17.QualifyExecutedCampaign | v3 / `242906bae4f281c738c60adbd2c053d2ded1eae5` | False | False | 0/0 |
| M17.QualifyExecutedCampaign | v4 / `30b85c34d1be404dcccd9f415286bb43b00f64ea` | False | False | 0/0 |
| M17.QualifyExecutedCampaign | e3 / `50e158640d8278ca94dbecb6539dab96c6a9fb84` | False | True | 0/0 |

**M00.DecodeHeader:** Independent implementation and production upgrade acceptance; decoding is not admission.

**M00.DecodeTransaction:** No nonce reservation or balance authority from decoded bytes.

**M01.VerifyWork:** Fastest-adversary work cost, public ingress fairness and complete native host remain unqualified.

**M01.VerifyTransactionSignature:** Component signature parity does not establish independent cryptographic acceptance.

**M02.AdmitBlock:** Native consensus actor and hostile public network are not implemented by the reference owner.

**M02.ChooseBranch:** No independent network security or work-hardness acceptance.

**M03.RunWorkAttempt:** Selector uses real mining to construct reorg inputs only; durable miner, stale-job cancellation and publication reconciliation remain unimplemented.

**M03.EnterExternalEffect:** Entry is not actual dispatch, target-side exactly-once, final-use authority or coherent rollback protection.

**M04.ReadFrame:** Exact retained native transport and proof-admission components are not the ordinary peer service; no current registered per-procedure network test.

**M04.PropagateVerifiedBlock:** Historical network/host reports are separate observations; no source-equal byte check makes a new WAN or independent-operator run.

**M05.ValidateTransaction:** Native mempool reservation and ordinary peer event wiring remain separate.

**M05.ReconsiderAfterReorg:** New-generation nonce/funds rechecking must connect to mempool events; existing execution tests do not demonstrate resubmission or physical-effect reconciliation.

**M06.ExecuteCandidate:** Complete native persistence/consensus host and end-to-end capacity remain unaccepted.

**M06.DeriveBranchDelta:** No separate native branch store is implied by reusable local MVCC persistence.

**M07.OpenNamespace:** Native paged state owner, full descriptor/sidecar fencing and physical power loss remain open.

**M07.StageBranch:** Root rejection and admission/restart tests are not independent disk durability acceptance.

**M08.PlanReorg:** Full fork lists/staging copy remain reference limits; public immutable plan API and bounded native planning are absent.

**M08.RecoverAndPublish:** Physical power loss, native long runs and external-effect compensation remain unaccepted.

**M09.ValidateArtifact:** Not arbitrary large-model loading, model provenance or a public export grant.

**M09.FetchWithoutAuthor:** Current zero-adoption E3 run is not a new author-loss/DA campaign; use historical artifacts for their actual scope. Independent long-term custodians and repair remain open.

**M10.SubmitContribution:** Bounded windows are not public economic Sybil fairness or authentic task provenance.

**M10.PublishEvaluatedRelease:** Synthetic signed release transitions are not three improving public-model generations.

**M11.EvaluateFrozenModel:** Future-window, independent evaluator, provenance and poisoning acceptance remain open.

**M11.AdmitEvaluation:** First-two attestation policy is not objective ML truth, evaluator independence or ledger work.

**M12.ClaimContributionReward:** No monetary-value, fairness or external payout reconciliation claim.

**M12.ConsumeSponsoredQuota:** Real GPU availability, delivery evidence, sponsor self-traffic and sustainable funding remain separate.

**M13.RebuildBranchState:** Checkpoint/spool tests do not demonstrate native paged WAN synchronization or long-term archival economics.

**M13.VerifyIncomingHistory:** No complete incoming-history API, cursor or network pagination is inferred from repeated admit calls.

**M14.QueryCurrentState:** Test checks coherent root after recovery; light-client work/inclusion proof and live currentness remain unimplemented.

**M14.ConsumePublishedModel:** Not an ordinary Hepta destination, a final-use token or a proof of actual provider delivery.

**M15.StartExecutableSpecPeer:** Native node startup and ordinary product entry are absent; historical loopback/owned-host experiments retain their exact sources.

**M15.StopAndReconcile:** Child cleanup tests do not prove full node shutdown, durable miner stop or physical target reconciliation.

**M16.TrainCompatibleCandidate:** Training executions are retained campaign observations, not a unit-test result or real future user-task generation.

**M16.CompareOrAbstain:** Three no-update attempts do not establish prospective improving generations.

**M17.CheckDetailedContracts:** Current checker-source changes need their own executed PR checks; historic source-contract logs are not proof of this checker revision.

**M17.QualifyExecutedCampaign:** Does not execute old tests again, confer scientific independence or grant deployment authority.

Subject matches are not a new execution, a dependency-closure proof, integration, or independent acceptance.

