    Finished `release` profile [optimized] target(s) in 0.06s
     Running unittests src/lib.rs (trillionnium/target/release/deps/trnm_mvcc_fee-8067cdff91cb0d54)

running 1 test
test pon_commitment::tests::immutable_parent_preview_component_timing ... {"cold_fresh_check_each_prefix_ns":[3320207462,3327584061,3353367252,3332327443,3336529720,3336202661,3345730548,3332480051],"cold_operation_bound_ns":[244425362,244288835,255345261,259480662,246725018,249881580,247782228,240473332],"order":"four rotating arms","physical_memory_bound":false,"prefixes":16,"public_network_ready":false,"samples_per_arm":8,"schema":"immutable-parent-preview-component-v1","scope":"complete signed M06 prefixes and commitments; excludes M05, SQLite, Node lock wait and concurrency","state_keys":4099,"warm_fresh_check_each_prefix_ns":[80228671,82086898,81534581,82679676,83427160,81302053,83639154,83694568],"warm_operation_bound_ns":[47696805,42979811,45029710,42839187,47919952,43852535,46811633,45017763]}
ok

test result: ok. 1 passed; 0 failed; 0 ignored; 0 measured; 37 filtered out; finished in 32.00s

     Running tests/checkpoint_tile_material_v1.rs (trillionnium/target/release/deps/checkpoint_tile_material_v1-2117807ab65f17ea)

running 0 tests

test result: ok. 0 passed; 0 failed; 0 ignored; 0 measured; 5 filtered out; finished in 0.00s

     Running tests/checkpoint_tile_policy_v1.rs (trillionnium/target/release/deps/checkpoint_tile_policy_v1-3db35407090fa30f)

running 0 tests

test result: ok. 0 passed; 0 failed; 0 ignored; 0 measured; 1 filtered out; finished in 0.00s

     Running tests/pon_commitment.rs (trillionnium/target/release/deps/pon_commitment-454d1a4ec3fc39b5)

running 0 tests

test result: ok. 0 passed; 0 failed; 0 ignored; 0 measured; 16 filtered out; finished in 0.00s

     Running tests/qualified_task_lifecycle_v2.rs (trillionnium/target/release/deps/qualified_task_lifecycle_v2-dbe02debcabee841)

running 0 tests

test result: ok. 0 passed; 0 failed; 0 ignored; 0 measured; 8 filtered out; finished in 0.00s

     Running tests/qualified_task_lifecycle_v3.rs (trillionnium/target/release/deps/qualified_task_lifecycle_v3-cdf5a9c5699d9431)

running 0 tests

test result: ok. 0 passed; 0 failed; 0 ignored; 0 measured; 1 filtered out; finished in 0.00s

     Running tests/qualified_task_lifecycle_v4.rs (trillionnium/target/release/deps/qualified_task_lifecycle_v4-7bd0fec2894ceb6b)

running 0 tests

test result: ok. 0 passed; 0 failed; 0 ignored; 0 measured; 3 filtered out; finished in 0.00s

