test_batch_bad_late_membership_rejects_without_partial_response (__main__.VerifiedHistoryTests.test_batch_bad_late_membership_rejects_without_partial_response) ... ok
test_batch_cancellation_cannot_leave_reusable_currentness (__main__.VerifiedHistoryTests.test_batch_cancellation_cannot_leave_reusable_currentness) ... ok
test_batch_distinct_memberships_share_only_one_coherent_observation (__main__.VerifiedHistoryTests.test_batch_distinct_memberships_share_only_one_coherent_observation) ... ok
test_batch_rechecks_future_spike_below_all_requested_inclusions (__main__.VerifiedHistoryTests.test_batch_rechecks_future_spike_below_all_requested_inclusions) ... ok
test_batch_size_and_duplicate_queries_reject_before_snapshot (__main__.VerifiedHistoryTests.test_batch_size_and_duplicate_queries_reject_before_snapshot) ... ok
test_bounded_stream_incomplete_and_trailing_data_not_success (__main__.VerifiedHistoryTests.test_bounded_stream_incomplete_and_trailing_data_not_success) ... ok
test_cancel_retains_only_fully_verified_prefix_and_can_resume (__main__.VerifiedHistoryTests.test_cancel_retains_only_fully_verified_prefix_and_can_resume) ... ok
test_changed_transaction_body_rejects_before_persistence (__main__.VerifiedHistoryTests.test_changed_transaction_body_rejects_before_persistence) ... ok
test_command_line_receive_and_confirm_use_persistent_receiver (__main__.VerifiedHistoryTests.test_command_line_receive_and_confirm_use_persistent_receiver) ... ok
test_confirmation_cancel_is_read_only_and_can_retry (__main__.VerifiedHistoryTests.test_confirmation_cancel_is_read_only_and_can_retry) ... ok
test_disk_reopen_resume_uses_verified_block_cursor (__main__.VerifiedHistoryTests.test_disk_reopen_resume_uses_verified_block_cursor) ... ok
test_duplicate_keys_and_oversize_reject_before_json_work (__main__.VerifiedHistoryTests.test_duplicate_keys_and_oversize_reject_before_json_work) ... ok
test_duplicate_page_rechecks_clock_without_repeating_work (__main__.VerifiedHistoryTests.test_duplicate_page_rechecks_clock_without_repeating_work) ... ok
test_empty_already_verified_tip_is_idempotent (__main__.VerifiedHistoryTests.test_empty_already_verified_tip_is_idempotent) ... ok
test_empty_nonterminal_and_reordered_blocks_reject (__main__.VerifiedHistoryTests.test_empty_nonterminal_and_reordered_blocks_reject) ... ok
test_empty_terminal_page_checks_previously_imported_ancestry (__main__.VerifiedHistoryTests.test_empty_terminal_page_checks_previously_imported_ancestry) ... ok
test_exact_stored_body_decoder_rejects_bad_lengths (__main__.VerifiedHistoryTests.test_exact_stored_body_decoder_rejects_bad_lengths) ... ok
test_excessive_blocks_or_transactions_reject_early (__main__.VerifiedHistoryTests.test_excessive_blocks_or_transactions_reject_early) ... ok
test_export_cursor_on_other_fork_rejects (__main__.VerifiedHistoryTests.test_export_cursor_on_other_fork_rejects) ... ok
test_false_complete_or_next_cursor_reject (__main__.VerifiedHistoryTests.test_false_complete_or_next_cursor_reject) ... ok
test_forged_work_total_or_confirmation_flags_reject (__main__.VerifiedHistoryTests.test_forged_work_total_or_confirmation_flags_reject) ... ok
test_fork_replay_invalidates_old_confirmation (__main__.VerifiedHistoryTests.test_fork_replay_invalidates_old_confirmation) ... ok
test_full_work_state_and_transaction_confirmation (__main__.VerifiedHistoryTests.test_full_work_state_and_transaction_confirmation) ... ok
test_future_ancestor_below_inclusion_is_also_checked (__main__.VerifiedHistoryTests.test_future_ancestor_below_inclusion_is_also_checked) ... ok
test_future_ancestor_cannot_hide_behind_earlier_tip_clock (__main__.VerifiedHistoryTests.test_future_ancestor_cannot_hide_behind_earlier_tip_clock) ... ok
test_future_clock_is_local_deferral_not_remote_authority (__main__.VerifiedHistoryTests.test_future_clock_is_local_deferral_not_remote_authority) ... ok
test_generation_change_during_observation_cannot_escape (__main__.VerifiedHistoryTests.test_generation_change_during_observation_cannot_escape) ... ok
test_invalid_proof_cannot_persist_or_activate (__main__.VerifiedHistoryTests.test_invalid_proof_cannot_persist_or_activate) ... ok
test_lighter_valid_history_cannot_replace_best_chain (__main__.VerifiedHistoryTests.test_lighter_valid_history_cannot_replace_best_chain) ... ok
test_logical_import_does_not_masquerade_as_live_confirmation (__main__.VerifiedHistoryTests.test_logical_import_does_not_masquerade_as_live_confirmation) ... ok
test_lost_ack_replays_verified_page_without_repeating_work (__main__.VerifiedHistoryTests.test_lost_ack_replays_verified_page_without_repeating_work) ... ok
test_noncanonical_base64_and_wrong_proof_length_reject (__main__.VerifiedHistoryTests.test_noncanonical_base64_and_wrong_proof_length_reject) ... ok
test_page_limit_rejects_boolean_or_unbounded_values (__main__.VerifiedHistoryTests.test_page_limit_rejects_boolean_or_unbounded_values) ... ok
test_partial_page_not_requested_tip_success (__main__.VerifiedHistoryTests.test_partial_page_not_requested_tip_success) ... ok
test_query_rechecks_body_commitment_before_membership (__main__.VerifiedHistoryTests.test_query_rechecks_body_commitment_before_membership) ... ok
test_swapped_target_and_cursor_reject (__main__.VerifiedHistoryTests.test_swapped_target_and_cursor_reject) ... ok
test_too_shallow_reports_included_not_confirmed (__main__.VerifiedHistoryTests.test_too_shallow_reports_included_not_confirmed) ... ok
test_unknown_transaction_cannot_obtain_confirmation (__main__.VerifiedHistoryTests.test_unknown_transaction_cannot_obtain_confirmation) ... ok
test_unverified_receiver_cursor_rejects (__main__.VerifiedHistoryTests.test_unverified_receiver_cursor_rejects) ... ok
test_wrong_network_parameters_and_genesis_reject (__main__.VerifiedHistoryTests.test_wrong_network_parameters_and_genesis_reject) ... ok

----------------------------------------------------------------------
Ran 40 tests in 6.406s

OK
