   Compiling once_cell v1.21.4
   Compiling zerocopy v0.8.48
   Compiling serde_core v1.0.228
   Compiling bitflags v2.11.0
   Compiling curve25519-dalek v4.1.3
   Compiling ahash v0.8.12
   Compiling hashbrown v0.14.5
   Compiling libc v0.2.184
   Compiling thiserror v1.0.69
   Compiling serde v1.0.228
   Compiling libsqlite3-sys v0.30.1
   Compiling hashlink v0.9.1
   Compiling ed25519-dalek v2.2.0
   Compiling zmij v1.0.21
   Compiling linux-raw-sys v0.12.1
   Compiling memchr v2.8.0
   Compiling itoa v1.0.18
   Compiling smallvec v1.15.1
   Compiling fallible-streaming-iterator v0.1.9
   Compiling fallible-iterator v0.3.0
   Compiling serde_json v1.0.149
   Compiling rusqlite v0.32.1
   Compiling rustix v1.1.4
   Compiling borsh v1.8.0
   Compiling trnm-crypto-primitives v0.1.0 (/home/qian-qi/Documents/chain-pr204-continuation-20260929-w2v1wt_g/source/trillionnium/crates/trnm-crypto-primitives)
   Compiling trnm-protocol v0.1.0 (/home/qian-qi/Documents/chain-pr204-continuation-20260929-w2v1wt_g/source/trillionnium/crates/trnm-protocol)
   Compiling getrandom v0.4.2
   Compiling trnm-verification-profiles v0.1.0 (/home/qian-qi/Documents/chain-pr204-continuation-20260929-w2v1wt_g/source/trillionnium/crates/trnm-verification-profiles)
   Compiling fastrand v2.3.0
   Compiling tempfile v3.27.0
   Compiling trnm-mvcc-fee v0.1.0 (/home/qian-qi/Documents/chain-pr204-continuation-20260929-w2v1wt_g/source/trillionnium/crates/trnm-mvcc-fee)
   Compiling fs2 v0.4.3
   Compiling trnm-transport v0.1.0 (/home/qian-qi/Documents/chain-pr204-continuation-20260929-w2v1wt_g/source/trillionnium/crates/trnm-transport)
   Compiling trnm-pon-node v0.1.0 (/home/qian-qi/Documents/chain-pr204-continuation-20260929-w2v1wt_g/source/trillionnium/crates/trnm-pon-node)
    Finished `test` profile [unoptimized + debuginfo] target(s) in 22.60s
     Running tests/native_node.rs (/home/qian-qi/Documents/chain-pr204-next-20260930-wh6affyn/target/debug/deps/native_node-a714b2fc423ec8d4)

running 23 tests
test abrupt_child ... ignored, owned subprocess helper, invoked by the process-cut tests
test test_cached_work_never_reuses_an_old_clock_verdict ... ok
test test_confirmed_transfer_is_removed_by_a_real_heavier_fork ... ok
test test_every_reorg_process_cut_and_admission_gap_recovers_once ... actual child exit86 at admitted
actual child exit86 at intent
actual child exit86 at detach:0
actual child exit86 at detach:1
actual child exit86 at attach:2
actual child exit86 at attach:3
actual child exit86 at attach:4
actual child exit86 at before-publish
actual child exit86 at published
ok
test test_existing_output_path_cannot_publish_a_new_cli_block ... ok
test test_full_transaction_pages_use_byte_limits_and_recover_all_native_state ... ok
test test_golden_native_state_matches_separate_oracle_and_duplicate_is_idempotent ... ok
test test_initialization_process_cuts_recover_only_the_owned_context ... actual child exit86 at init-intent
actual child exit86 at init-schema
actual child exit86 at init-before-commit
actual child exit86 at init-committed
ok
test test_lower_height_higher_required_work_wins_after_native_retarget ... ok
test test_malformed_work_and_changed_duplicate_never_mutate_state ... ok
test test_native_batch_actual_heavier_reorg_removes_all_confirmations ... ok
test test_native_batch_and_history_cancel_after_traversal_without_writes_or_cache ... ok
test test_native_batch_checks_one_history_and_one_shared_body ... ok
test test_native_batch_cli_uses_the_real_persisted_owner ... ok
test test_native_batch_generation_change_is_detected_before_any_response ... ok
test test_native_batch_invalid_tail_duplicate_and_limits_return_no_partial_success ... ok
test test_native_batch_rechecks_future_ancestor_below_all_inclusions ... ok
test test_native_body_membership_is_still_checked_after_header_projection ... ok
test test_native_cli_replays_the_existing_signed_vector_without_a_reference_backend ... ok
test test_native_header_projection_rejects_changed_header_or_trace ... ok
test test_native_writer_and_namespace_fences_are_not_optional ... ok
test test_socket_false_transcripts_and_honest_native_batch_use_the_actual_entry ... actual native loopback: 32 ticket-passing false transcripts rejected; 16 four-query batches served; not public/Sybil qualification
ok
test test_socket_history_uses_real_native_validation_and_separate_stores ... ok

test result: ok. 22 passed; 0 failed; 1 ignored; 0 measured; 0 filtered out; finished in 147.20s

