test_authentic_receipt_reports_no_new_execution (__main__.CostEvidenceVerificationTests.test_authentic_receipt_reports_no_new_execution) ... ok
test_boolean_return_code_is_not_success (__main__.CostEvidenceVerificationTests.test_boolean_return_code_is_not_success) ... ok
test_different_build_command_cannot_supply_recorded_native_cost (__main__.CostEvidenceVerificationTests.test_different_build_command_cannot_supply_recorded_native_cost) ... ok
test_modified_raw_cost_rejects_before_summary (__main__.CostEvidenceVerificationTests.test_modified_raw_cost_rejects_before_summary) ... ok
test_old_costs_remain_historical_after_source_change (__main__.CostEvidenceVerificationTests.test_old_costs_remain_historical_after_source_change) ... ok
test_rehashed_missing_source_cannot_claim_historical_verification (__main__.CostEvidenceVerificationTests.test_rehashed_missing_source_cannot_claim_historical_verification) ... ok
test_rehashed_target_change_cannot_replace_measured_configuration (__main__.CostEvidenceVerificationTests.test_rehashed_target_change_cannot_replace_measured_configuration) ... ok
test_rehashed_wrong_summary_is_not_measurement (__main__.CostEvidenceVerificationTests.test_rehashed_wrong_summary_is_not_measurement) ... ok
test_actual_retained_samples_can_be_summarized_without_rerun (__main__.WorkCostAccountingTests.test_actual_retained_samples_can_be_summarized_without_rerun) ... ok
test_arbitrary_security_flag_rejects (__main__.WorkCostAccountingTests.test_arbitrary_security_flag_rejects) ... ok
test_boolean_attempt_count_rejects (__main__.WorkCostAccountingTests.test_boolean_attempt_count_rejects) ... ok
test_boolean_duration_rejects (__main__.WorkCostAccountingTests.test_boolean_duration_rejects) ... ok
test_boolean_sample_identity_rejects (__main__.WorkCostAccountingTests.test_boolean_sample_identity_rejects) ... ok
test_counter_outside_native_budget_rejects (__main__.WorkCostAccountingTests.test_counter_outside_native_budget_rejects) ... ok
test_duplicate_samples_cannot_inflate_evidence (__main__.WorkCostAccountingTests.test_duplicate_samples_cannot_inflate_evidence) ... ok
test_empty_sample_set_rejects (__main__.WorkCostAccountingTests.test_empty_sample_set_rejects) ... ok
test_extra_scope_claim_rejects (__main__.WorkCostAccountingTests.test_extra_scope_claim_rejects) ... ok
test_fastest_honest_code_is_not_fastest_attacker (__main__.WorkCostAccountingTests.test_fastest_honest_code_is_not_fastest_attacker) ... ok
test_float_duration_rejects (__main__.WorkCostAccountingTests.test_float_duration_rejects) ... ok
test_integer_zero_cannot_replace_false_scope (__main__.WorkCostAccountingTests.test_integer_zero_cannot_replace_false_scope) ... ok
test_inventory_includes_native_sources_but_not_doc_edits (__main__.WorkCostAccountingTests.test_inventory_includes_native_sources_but_not_doc_edits) ... ok
test_missing_structured_comparison_rejects (__main__.WorkCostAccountingTests.test_missing_structured_comparison_rejects) ... ok
test_mixed_target_is_not_comparable (__main__.WorkCostAccountingTests.test_mixed_target_is_not_comparable) ... ok
test_negative_duration_rejects (__main__.WorkCostAccountingTests.test_negative_duration_rejects) ... ok
test_per_sample_target_cannot_hide_mixed_context (__main__.WorkCostAccountingTests.test_per_sample_target_cannot_hide_mixed_context) ... ok
test_same_target_ratios_and_probability (__main__.WorkCostAccountingTests.test_same_target_ratios_and_probability) ... ok
test_source_inventory_cannot_omit_collector_or_configuration (__main__.WorkCostAccountingTests.test_source_inventory_cannot_omit_collector_or_configuration) ... ok
test_summary_does_not_mutate_raw_observations (__main__.WorkCostAccountingTests.test_summary_does_not_mutate_raw_observations) ... ok
test_target_is_canonical_positive_fixed_width (__main__.WorkCostAccountingTests.test_target_is_canonical_positive_fixed_width) ... ok
test_unhashable_class_rejects_as_input_error (__main__.WorkCostAccountingTests.test_unhashable_class_rejects_as_input_error) ... ok
test_zero_denominator_rejects (__main__.WorkCostAccountingTests.test_zero_denominator_rejects) ... ok

----------------------------------------------------------------------
Ran 31 tests in 0.013s

OK
